Archive member included to satisfy reference by file (symbol)

C:/ST/STM32CubeIDE_2.0.0/STM32CubeIDE/plugins/com.st.stm32cube.ide.mcu.externaltools.gnu-tools-for-stm32.13.3.rel1.win32_1.0.100.202509120712/tools/bin/../lib/gcc/arm-none-eabi/13.3.1/../../../../arm-none-eabi/lib/thumb/v7e-m+fp/hard\libc_nano.a(libc_a-exit.o)
                              C:/ST/STM32CubeIDE_2.0.0/STM32CubeIDE/plugins/com.st.stm32cube.ide.mcu.externaltools.gnu-tools-for-stm32.13.3.rel1.win32_1.0.100.202509120712/tools/bin/../lib/gcc/arm-none-eabi/13.3.1/../../../../arm-none-eabi/lib/thumb/v7e-m+fp/hard/crt0.o (exit)
C:/ST/STM32CubeIDE_2.0.0/STM32CubeIDE/plugins/com.st.stm32cube.ide.mcu.externaltools.gnu-tools-for-stm32.13.3.rel1.win32_1.0.100.202509120712/tools/bin/../lib/gcc/arm-none-eabi/13.3.1/../../../../arm-none-eabi/lib/thumb/v7e-m+fp/hard\libc_nano.a(libc_a-malloc.o)
                              ./Middlewares/ST/STM32_USB_Device_Library/Class/CDC/Src/usbd_cdc.o (malloc)
C:/ST/STM32CubeIDE_2.0.0/STM32CubeIDE/plugins/com.st.stm32cube.ide.mcu.externaltools.gnu-tools-for-stm32.13.3.rel1.win32_1.0.100.202509120712/tools/bin/../lib/gcc/arm-none-eabi/13.3.1/../../../../arm-none-eabi/lib/thumb/v7e-m+fp/hard\libc_nano.a(libc_a-mallocr.o)
                              C:/ST/STM32CubeIDE_2.0.0/STM32CubeIDE/plugins/com.st.stm32cube.ide.mcu.externaltools.gnu-tools-for-stm32.13.3.rel1.win32_1.0.100.202509120712/tools/bin/../lib/gcc/arm-none-eabi/13.3.1/../../../../arm-none-eabi/lib/thumb/v7e-m+fp/hard\libc_nano.a(libc_a-malloc.o) (_malloc_r)
C:/ST/STM32CubeIDE_2.0.0/STM32CubeIDE/plugins/com.st.stm32cube.ide.mcu.externaltools.gnu-tools-for-stm32.13.3.rel1.win32_1.0.100.202509120712/tools/bin/../lib/gcc/arm-none-eabi/13.3.1/../../../../arm-none-eabi/lib/thumb/v7e-m+fp/hard\libc_nano.a(libc_a-mlock.o)
                              C:/ST/STM32CubeIDE_2.0.0/STM32CubeIDE/plugins/com.st.stm32cube.ide.mcu.externaltools.gnu-tools-for-stm32.13.3.rel1.win32_1.0.100.202509120712/tools/bin/../lib/gcc/arm-none-eabi/13.3.1/../../../../arm-none-eabi/lib/thumb/v7e-m+fp/hard\libc_nano.a(libc_a-mallocr.o) (__malloc_lock)
C:/ST/STM32CubeIDE_2.0.0/STM32CubeIDE/plugins/com.st.stm32cube.ide.mcu.externaltools.gnu-tools-for-stm32.13.3.rel1.win32_1.0.100.202509120712/tools/bin/../lib/gcc/arm-none-eabi/13.3.1/../../../../arm-none-eabi/lib/thumb/v7e-m+fp/hard\libc_nano.a(libc_a-nano-vfprintf_float.o)
                              (_printf_float)
C:/ST/STM32CubeIDE_2.0.0/STM32CubeIDE/plugins/com.st.stm32cube.ide.mcu.externaltools.gnu-tools-for-stm32.13.3.rel1.win32_1.0.100.202509120712/tools/bin/../lib/gcc/arm-none-eabi/13.3.1/../../../../arm-none-eabi/lib/thumb/v7e-m+fp/hard\libc_nano.a(libc_a-nano-vfprintf_i.o)
                              C:/ST/STM32CubeIDE_2.0.0/STM32CubeIDE/plugins/com.st.stm32cube.ide.mcu.externaltools.gnu-tools-for-stm32.13.3.rel1.win32_1.0.100.202509120712/tools/bin/../lib/gcc/arm-none-eabi/13.3.1/../../../../arm-none-eabi/lib/thumb/v7e-m+fp/hard\libc_nano.a(libc_a-nano-vfprintf_float.o) (_printf_common)
C:/ST/STM32CubeIDE_2.0.0/STM32CubeIDE/plugins/com.st.stm32cube.ide.mcu.externaltools.gnu-tools-for-stm32.13.3.rel1.win32_1.0.100.202509120712/tools/bin/../lib/gcc/arm-none-eabi/13.3.1/../../../../arm-none-eabi/lib/thumb/v7e-m+fp/hard\libc_nano.a(libc_a-findfp.o)
                              C:/ST/STM32CubeIDE_2.0.0/STM32CubeIDE/plugins/com.st.stm32cube.ide.mcu.externaltools.gnu-tools-for-stm32.13.3.rel1.win32_1.0.100.202509120712/tools/bin/../lib/gcc/arm-none-eabi/13.3.1/../../../../arm-none-eabi/lib/thumb/v7e-m+fp/hard\libc_nano.a(libc_a-exit.o) (__stdio_exit_handler)
C:/ST/STM32CubeIDE_2.0.0/STM32CubeIDE/plugins/com.st.stm32cube.ide.mcu.externaltools.gnu-tools-for-stm32.13.3.rel1.win32_1.0.100.202509120712/tools/bin/../lib/gcc/arm-none-eabi/13.3.1/../../../../arm-none-eabi/lib/thumb/v7e-m+fp/hard\libc_nano.a(libc_a-fwalk.o)
                              C:/ST/STM32CubeIDE_2.0.0/STM32CubeIDE/plugins/com.st.stm32cube.ide.mcu.externaltools.gnu-tools-for-stm32.13.3.rel1.win32_1.0.100.202509120712/tools/bin/../lib/gcc/arm-none-eabi/13.3.1/../../../../arm-none-eabi/lib/thumb/v7e-m+fp/hard\libc_nano.a(libc_a-findfp.o) (_fwalk_sglue)
C:/ST/STM32CubeIDE_2.0.0/STM32CubeIDE/plugins/com.st.stm32cube.ide.mcu.externaltools.gnu-tools-for-stm32.13.3.rel1.win32_1.0.100.202509120712/tools/bin/../lib/gcc/arm-none-eabi/13.3.1/../../../../arm-none-eabi/lib/thumb/v7e-m+fp/hard\libc_nano.a(libc_a-printf.o)
                              ./Core/Src/main.o (printf)
C:/ST/STM32CubeIDE_2.0.0/STM32CubeIDE/plugins/com.st.stm32cube.ide.mcu.externaltools.gnu-tools-for-stm32.13.3.rel1.win32_1.0.100.202509120712/tools/bin/../lib/gcc/arm-none-eabi/13.3.1/../../../../arm-none-eabi/lib/thumb/v7e-m+fp/hard\libc_nano.a(libc_a-puts.o)
                              ./Core/Src/main.o (puts)
[...]
Memory Configuration

Name             Origin             Length             Attributes
RAM              0x20000000         0x00040000         xrw
FLASH            0x08000000         0x00080000         xr
*default*        0x00000000         0xffffffff

Linker script and memory map

LOAD C:/ST/STM32CubeIDE_2.0.0/STM32CubeIDE/plugins/com.st.stm32cube.ide.mcu.externaltools.gnu-tools-for-stm32.13.3.rel1.win32_1.0.100.202509120712/tools/bin/../lib/gcc/arm-none-eabi/13.3.1/thumb/v7e-m+fp/hard/crti.o
LOAD C:/ST/STM32CubeIDE_2.0.0/STM32CubeIDE/plugins/com.st.stm32cube.ide.mcu.externaltools.gnu-tools-for-stm32.13.3.rel1.win32_1.0.100.202509120712/tools/bin/../lib/gcc/arm-none-eabi/13.3.1/thumb/v7e-m+fp/hard/crtbegin.o
LOAD C:/ST/STM32CubeIDE_2.0.0/STM32CubeIDE/plugins/com.st.stm32cube.ide.mcu.externaltools.gnu-tools-for-stm32.13.3.rel1.win32_1.0.100.202509120712/tools/bin/../lib/gcc/arm-none-eabi/13.3.1/../../../../arm-none-eabi/lib/thumb/v7e-m+fp/hard/crt0.o
LOAD ./Core/Src/dwt_stm32_delay.o
LOAD ./Core/Src/main.o
LOAD ./Core/Src/stm32_sw_i2c.o
LOAD ./Core/Src/stm32f7xx_hal_msp.o
LOAD ./Core/Src/stm32f7xx_it.o
LOAD ./Core/Src/syscalls.o
LOAD ./Core/Src/sysmem.o
LOAD ./Core/Src/system_stm32f7xx.o
LOAD ./Core/Src/sensors/bme680.o
LOAD ./Core/Src/sensors/bme68x.o
LOAD ./Core/Src/sensors/icm40609d.o
LOAD ./Core/Src/sensors/mmc5983ma.o
LOAD ./Core/Src/sensors/ms5611.o
LOAD ./Core/Src/sensors/sgp41.o
LOAD ./Core/Startup/startup_stm32f732retx.o
LOAD ./Drivers/STM32F7xx_HAL_Driver/Src/stm32f7xx_hal.o
LOAD ./Drivers/STM32F7xx_HAL_Driver/Src/stm32f7xx_hal_adc.o
LOAD ./Drivers/STM32F7xx_HAL_Driver/Src/stm32f7xx_hal_adc_ex.o
LOAD ./Drivers/STM32F7xx_HAL_Driver/Src/stm32f7xx_hal_can.o
LOAD ./Drivers/STM32F7xx_HAL_Driver/Src/stm32f7xx_hal_cortex.o
LOAD ./Drivers/STM32F7xx_HAL_Driver/Src/stm32f7xx_hal_dma.o
LOAD ./Drivers/STM32F7xx_HAL_Driver/Src/stm32f7xx_hal_dma_ex.o
LOAD ./Drivers/STM32F7xx_HAL_Driver/Src/stm32f7xx_hal_exti.o
LOAD ./Drivers/STM32F7xx_HAL_Driver/Src/stm32f7xx_hal_flash.o
LOAD ./Drivers/STM32F7xx_HAL_Driver/Src/stm32f7xx_hal_flash_ex.o
LOAD ./Drivers/STM32F7xx_HAL_Driver/Src/stm32f7xx_hal_gpio.o
LOAD ./Drivers/STM32F7xx_HAL_Driver/Src/stm32f7xx_hal_i2c.o
LOAD ./Drivers/STM32F7xx_HAL_Driver/Src/stm32f7xx_hal_i2c_ex.o
LOAD ./Drivers/STM32F7xx_HAL_Driver/Src/stm32f7xx_hal_mmc.o
LOAD ./Drivers/STM32F7xx_HAL_Driver/Src/stm32f7xx_hal_pcd.o
LOAD ./Drivers/STM32F7xx_HAL_Driver/Src/stm32f7xx_hal_pcd_ex.o
LOAD ./Drivers/STM32F7xx_HAL_Driver/Src/stm32f7xx_hal_pwr.o
LOAD ./Drivers/STM32F7xx_HAL_Driver/Src/stm32f7xx_hal_pwr_ex.o
LOAD ./Drivers/STM32F7xx_HAL_Driver/Src/stm32f7xx_hal_rcc.o
LOAD ./Drivers/STM32F7xx_HAL_Driver/Src/stm32f7xx_hal_rcc_ex.o
LOAD ./Drivers/STM32F7xx_HAL_Driver/Src/stm32f7xx_hal_sd.o
LOAD ./Drivers/STM32F7xx_HAL_Driver/Src/stm32f7xx_hal_spi.o
LOAD ./Drivers/STM32F7xx_HAL_Driver/Src/stm32f7xx_hal_spi_ex.o
LOAD ./Drivers/STM32F7xx_HAL_Driver/Src/stm32f7xx_hal_tim.o
LOAD ./Drivers/STM32F7xx_HAL_Driver/Src/stm32f7xx_hal_tim_ex.o
LOAD ./Drivers/STM32F7xx_HAL_Driver/Src/stm32f7xx_hal_uart.o
LOAD ./Drivers/STM32F7xx_HAL_Driver/Src/stm32f7xx_hal_uart_ex.o
LOAD ./Drivers/STM32F7xx_HAL_Driver/Src/stm32f7xx_ll_sdmmc.o
LOAD ./Drivers/STM32F7xx_HAL_Driver/Src/stm32f7xx_ll_usb.o
LOAD ./Middlewares/ST/STM32_USB_Device_Library/Class/CDC/Src/usbd_cdc.o
LOAD ./Middlewares/ST/STM32_USB_Device_Library/Core/Src/usbd_core.o
LOAD ./Middlewares/ST/STM32_USB_Device_Library/Core/Src/usbd_ctlreq.o
LOAD ./Middlewares/ST/STM32_USB_Device_Library/Core/Src/usbd_ioreq.o
LOAD ./USB_DEVICE/App/usb_device.o
LOAD ./USB_DEVICE/App/usbd_cdc_if.o
LOAD ./USB_DEVICE/App/usbd_desc.o
LOAD ./USB_DEVICE/Target/usbd_conf.o
START GROUP
LOAD C:/ST/STM32CubeIDE_2.0.0/STM32CubeIDE/plugins/com.st.stm32cube.ide.mcu.externaltools.gnu-tools-for-stm32.13.3.rel1.win32_1.0.100.202509120712/tools/bin/../lib/gcc/arm-none-eabi/13.3.1/../../../../arm-none-eabi/lib/thumb/v7e-m+fp/hard\libc_nano.a
LOAD C:/ST/STM32CubeIDE_2.0.0/STM32CubeIDE/plugins/com.st.stm32cube.ide.mcu.externaltools.gnu-tools-for-stm32.13.3.rel1.win32_1.0.100.202509120712/tools/bin/../lib/gcc/arm-none-eabi/13.3.1/../../../../arm-none-eabi/lib/thumb/v7e-m+fp/hard\libm.a
END GROUP
START GROUP
LOAD C:/ST/STM32CubeIDE_2.0.0/STM32CubeIDE/plugins/com.st.stm32cube.ide.mcu.externaltools.gnu-tools-for-stm32.13.3.rel1.win32_1.0.100.202509120712/tools/bin/../lib/gcc/arm-none-eabi/13.3.1/thumb/v7e-m+fp/hard\libgcc.a
LOAD C:/ST/STM32CubeIDE_2.0.0/STM32CubeIDE/plugins/com.st.stm32cube.ide.mcu.externaltools.gnu-tools-for-stm32.13.3.rel1.win32_1.0.100.202509120712/tools/bin/../lib/gcc/arm-none-eabi/13.3.1/../../../../arm-none-eabi/lib/thumb/v7e-m+fp/hard\libc_nano.a
END GROUP
START GROUP
LOAD C:/ST/STM32CubeIDE_2.0.0/STM32CubeIDE/plugins/com.st.stm32cube.ide.mcu.externaltools.gnu-tools-for-stm32.13.3.rel1.win32_1.0.100.202509120712/tools/bin/../lib/gcc/arm-none-eabi/13.3.1/thumb/v7e-m+fp/hard\libgcc.a
LOAD C:/ST/STM32CubeIDE_2.0.0/STM32CubeIDE/plugins/com.st.stm32cube.ide.mcu.externaltools.gnu-tools-for-stm32.13.3.rel1.win32_1.0.100.202509120712/tools/bin/../lib/gcc/arm-none-eabi/13.3.1/../../../../arm-none-eabi/lib/thumb/v7e-m+fp/hard\libc_nano.a
LOAD C:/ST/STM32CubeIDE_2.0.0/STM32CubeIDE/plugins/com.st.stm32cube.ide.mcu.externaltools.gnu-tools-for-stm32.13.3.rel1.win32_1.0.100.202509120712/tools/bin/../lib/gcc/arm-none-eabi/13.3.1/../../../../arm-none-eabi/lib/thumb/v7e-m+fp/hard\libnosys.a
END GROUP
START GROUP
LOAD C:/ST/STM32CubeIDE_2.0.0/STM32CubeIDE/plugins/com.st.stm32cube.ide.mcu.externaltools.gnu-tools-for-stm32.13.3.rel1.win32_1.0.100.202509120712/tools/bin/../lib/gcc/arm-none-eabi/13.3.1/thumb/v7e-m+fp/hard\libgcc.a
LOAD C:/ST/STM32CubeIDE_2.0.0/STM32CubeIDE/plugins/com.st.stm32cube.ide.mcu.externaltools.gnu-tools-for-stm32.13.3.rel1.win32_1.0.100.202509120712/tools/bin/../lib/gcc/arm-none-eabi/13.3.1/../../../../arm-none-eabi/lib/thumb/v7e-m+fp/hard\libc_nano.a
LOAD C:/ST/STM32CubeIDE_2.0.0/STM32CubeIDE/plugins/com.st.stm32cube.ide.mcu.externaltools.gnu-tools-for-stm32.13.3.rel1.win32_1.0.100.202509120712/tools/bin/../lib/gcc/arm-none-eabi/13.3.1/../../../../arm-none-eabi/lib/thumb/v7e-m+fp/hard\libnosys.a
END GROUP
LOAD C:/ST/STM32CubeIDE_2.0.0/STM32CubeIDE/plugins/com.st.stm32cube.ide.mcu.externaltools.gnu-tools-for-stm32.13.3.rel1.win32_1.0.100.202509120712/tools/bin/../lib/gcc/arm-none-eabi/13.3.1/thumb/v7e-m+fp/hard/crtend.o
LOAD C:/ST/STM32CubeIDE_2.0.0/STM32CubeIDE/plugins/com.st.stm32cube.ide.mcu.externaltools.gnu-tools-for-stm32.13.3.rel1.win32_1.0.100.202509120712/tools/bin/../lib/gcc/arm-none-eabi/13.3.1/thumb/v7e-m+fp/hard/crtn.o
                0x20040000                        _estack = (ORIGIN (RAM) + LENGTH (RAM))
                0x00000200                        _Min_Heap_Size = 0x200
                0x00000400                        _Min_Stack_Size = 0x400

.isr_vector     0x08000000      0x1e0
                0x08000000                        . = ALIGN (0x4)
 *(.isr_vector)
 .isr_vector    0x08000000      0x1e0 ./Core/Startup/startup_stm32f732retx.o
                0x08000000                g_pfnVectors
                0x080001e0                        . = ALIGN (0x4)

.text           0x080001e0    0x1234c
                0x080001e0                        . = ALIGN (0x4)
 *(.text)
 .text          0x080001e0       0x40 C:/ST/STM32CubeIDE_2.0.0/STM32CubeIDE/plugins/com.st.stm32cube.ide.mcu.externaltools.gnu-tools-for-stm32.13.3.rel1.win32_1.0.100.202509120712/tools/bin/../lib/gcc/arm-none-eabi/13.3.1/thumb/v7e-m+fp/hard/crtbegin.o
 .text          0x08000220       0xa0 C:/ST/STM32CubeIDE_2.0.0/STM32CubeIDE/plugins/com.st.stm32cube.ide.mcu.externaltools.gnu-tools-for-stm32.13.3.rel1.win32_1.0.100.202509120712/tools/bin/../lib/gcc/arm-none-eabi/13.3.1/../../../../arm-none-eabi/lib/thumb/v7e-m+fp/hard\libc_nano.a(libc_a-memchr.o)
                0x08000220                memchr
 .text          0x080002c0       0x10 C:/ST/STM32CubeIDE_2.0.0/STM32CubeIDE/plugins/com.st.stm32cube.ide.mcu.externaltools.gnu-tools-for-stm32.13.3.rel1.win32_1.0.100.202509120712/tools/bin/../lib/gcc/arm-none-eabi/13.3.1/../../../../arm-none-eabi/lib/thumb/v7e-m+fp/hard\libc_nano.a(libc_a-strlen.o)
                0x080002c0                strlen
 .text          0x080002d0      0x378 C:/ST/STM32CubeIDE_2.0.0/STM32CubeIDE/plugins/com.st.stm32cube.ide.mcu.externaltools.gnu-tools-for-stm32.13.3.rel1.win32_1.0.100.202509120712/tools/bin/../lib/gcc/arm-none-eabi/13.3.1/thumb/v7e-m+fp/hard\libgcc.a(_arm_addsubdf3.o)
                0x080002d0                __aeabi_drsub
                0x080002d8                __aeabi_dsub
                0x080002d8                __subdf3
                0x080002dc                __aeabi_dadd
                0x080002dc                __adddf3
                0x08000554                __floatunsidf
                0x08000554                __aeabi_ui2d
                0x08000574                __floatsidf
                0x08000574                __aeabi_i2d
                0x08000598                __aeabi_f2d
                0x08000598                __extendsfdf2
                0x080005dc                __floatundidf
                0x080005dc                __aeabi_ul2d
                0x080005ec                __floatdidf
                0x080005ec                __aeabi_l2d
 .text          0x08000648      0x424 C:/ST/STM32CubeIDE_2.0.0/STM32CubeIDE/plugins/com.st.stm32cube.ide.mcu.externaltools.gnu-tools-for-stm32.13.3.rel1.win32_1.0.100.202509120712/tools/bin/../lib/gcc/arm-none-eabi/13.3.1/thumb/v7e-m+fp/hard\libgcc.a(_arm_muldivdf3.o)
                0x08000648                __aeabi_dmul
                0x08000648                __muldf3
                0x0800089c                __divdf3
                0x0800089c                __aeabi_ddiv
 .text          0x08000a6c      0x110 C:/ST/STM32CubeIDE_2.0.0/STM32CubeIDE/plugins/com.st.stm32cube.ide.mcu.externaltools.gnu-tools-for-stm32.13.3.rel1.win32_1.0.100.202509120712/tools/bin/../lib/gcc/arm-none-eabi/13.3.1/thumb/v7e-m+fp/hard\libgcc.a(_arm_cmpdf2.o)
                0x08000a6c                __gtdf2
                0x08000a6c                __gedf2
                0x08000a74                __ltdf2
                0x08000a74                __ledf2
                0x08000a7c                __nedf2
                0x08000a7c                __eqdf2
                0x08000a7c                __cmpdf2
                0x08000af8                __aeabi_cdrcmple
                0x08000b08                __aeabi_cdcmpeq
                0x08000b08                __aeabi_cdcmple
                0x08000b18                __aeabi_dcmpeq
                0x08000b2c                __aeabi_dcmplt
                0x08000b40                __aeabi_dcmple
                0x08000b54                __aeabi_dcmpge
                0x08000b68                __aeabi_dcmpgt
 .text          0x08000b7c       0x2c C:/ST/STM32CubeIDE_2.0.0/STM32CubeIDE/plugins/com.st.stm32cube.ide.mcu.externaltools.gnu-tools-for-stm32.13.3.rel1.win32_1.0.100.202509120712/tools/bin/../lib/gcc/arm-none-eabi/13.3.1/thumb/v7e-m+fp/hard\libgcc.a(_arm_unorddf2.o)
                0x08000b7c                __unorddf2
                0x08000b7c                __aeabi_dcmpun
 .text          0x08000ba8       0x50 C:/ST/STM32CubeIDE_2.0.0/STM32CubeIDE/plugins/com.st.stm32cube.ide.mcu.externaltools.gnu-tools-for-stm32.13.3.rel1.win32_1.0.100.202509120712/tools/bin/../lib/gcc/arm-none-eabi/13.3.1/thumb/v7e-m+fp/hard\libgcc.a(_arm_fixdfsi.o)
                0x08000ba8                __aeabi_d2iz
                0x08000ba8                __fixdfsi
 .text          0x08000bf8       0x30 C:/ST/STM32CubeIDE_2.0.0/STM32CubeIDE/plugins/com.st.stm32cube.ide.mcu.externaltools.gnu-tools-for-stm32.13.3.rel1.win32_1.0.100.202509120712/tools/bin/../lib/gcc/arm-none-eabi/13.3.1/thumb/v7e-m+fp/hard\libgcc.a(_aeabi_uldivmod.o)
                0x08000bf8                __aeabi_uldivmod
 .text          0x08000c28      0x2f8 C:/ST/STM32CubeIDE_2.0.0/STM32CubeIDE/plugins/com.st.stm32cube.ide.mcu.externaltools.gnu-tools-for-stm32.13.3.rel1.win32_1.0.100.202509120712/tools/bin/../lib/gcc/arm-none-eabi/13.3.1/thumb/v7e-m+fp/hard\libgcc.a(_udivmoddi4.o)
                0x08000c28                __udivmoddi4
 .text          0x08000f20        0x4 C:/ST/STM32CubeIDE_2.0.0/STM32CubeIDE/plugins/com.st.stm32cube.ide.mcu.externaltools.gnu-tools-for-stm32.13.3.rel1.win32_1.0.100.202509120712/tools/bin/../lib/gcc/arm-none-eabi/13.3.1/thumb/v7e-m+fp/hard\libgcc.a(_dvmd_tls.o)
                0x08000f20                __aeabi_idiv0
                0x08000f20                __aeabi_ldiv0
 *(.text*)
 .text.DWT_Delay_Init
                0x08000f24       0x60 ./Core/Src/dwt_stm32_delay.o
                0x08000f24                DWT_Delay_Init
 .text.main     0x08000f84      0x2d0 ./Core/Src/main.o
                0x08000f84                main
 .text.SystemClock_Config
                0x08001254       0xd8 ./Core/Src/main.o
                0x08001254                SystemClock_Config
 .text.MX_ADC2_Init
                0x0800132c       0xa4 ./Core/Src/main.o
 .text.MX_CAN1_Init
                0x080013d0       0x6c ./Core/Src/main.o
 .text.MX_I2C1_Init
                0x0800143c       0x80 ./Core/Src/main.o
 .text.MX_SPI1_Init
                0x080014bc       0x7c ./Core/Src/main.o
 .text.MX_SPI2_Init
                0x08001538       0x7c ./Core/Src/main.o
 .text.MX_TIM1_Init
                0x080015b4      0x158 ./Core/Src/main.o
 .text.MX_TIM2_Init
                0x0800170c       0xf4 ./Core/Src/main.o
 .text.MX_TIM3_Init
                0x08001800       0xf8 ./Core/Src/main.o
 .text.MX_UART4_Init
                0x080018f8       0x60 ./Core/Src/main.o
 .text.MX_GPIO_Init
                0x08001958      0x140 ./Core/Src/main.o
 .text._write   0x08001a98       0x28 ./Core/Src/main.o
                0x08001a98                _write
 .text.MPU_Config
                0x08001ac0       0x58 ./Core/Src/main.o
 .text.Error_Handler
                0x08001b18        0xc ./Core/Src/main.o
                0x08001b18                Error_Handler
 .text.DWT_Delay_us
                0x08001b24       0x48 ./Core/Src/stm32_sw_i2c.o
 .text.I2C_init
                0x08001b6c       0x24 ./Core/Src/stm32_sw_i2c.o
                0x08001b6c                I2C_init
 .text.I2C_start_cond
                0x08001b90       0x50 ./Core/Src/stm32_sw_i2c.o
                0x08001b90                I2C_start_cond
 .text.I2C_stop_cond
                0x08001be0       0x44 ./Core/Src/stm32_sw_i2c.o
                0x08001be0                I2C_stop_cond
 .text.I2C_write_bit
                0x08001c24       0x5c ./Core/Src/stm32_sw_i2c.o
                0x08001c24                I2C_write_bit
 .text.I2C_read_SDA
                0x08001c80       0x24 ./Core/Src/stm32_sw_i2c.o
                0x08001c80                I2C_read_SDA
 .text.I2C_read_bit
                0x08001ca4       0x4c ./Core/Src/stm32_sw_i2c.o
                0x08001ca4                I2C_read_bit
 .text.I2C_write_byte
                0x08001cf0       0x6c ./Core/Src/stm32_sw_i2c.o
                0x08001cf0                I2C_write_byte
 .text.I2C_read_byte
                0x08001d5c       0x62 ./Core/Src/stm32_sw_i2c.o
                0x08001d5c                I2C_read_byte
 .text.I2C_transmit
                0x08001dbe       0x8c ./Core/Src/stm32_sw_i2c.o
                0x08001dbe                I2C_transmit
 .text.I2C_receive
                0x08001e4a       0xb2 ./Core/Src/stm32_sw_i2c.o
                0x08001e4a                I2C_receive
 .text.HAL_MspInit
                0x08001efc       0x48 ./Core/Src/stm32f7xx_hal_msp.o
                0x08001efc                HAL_MspInit
 .text.HAL_ADC_MspInit
                0x08001f44       0x80 ./Core/Src/stm32f7xx_hal_msp.o
                0x08001f44                HAL_ADC_MspInit
 .text.HAL_CAN_MspInit
                0x08001fc4       0x88 ./Core/Src/stm32f7xx_hal_msp.o
                0x08001fc4                HAL_CAN_MspInit
 .text.HAL_I2C_MspInit
                0x0800204c       0xbc ./Core/Src/stm32f7xx_hal_msp.o
                0x0800204c                HAL_I2C_MspInit
 .text.HAL_SPI_MspInit
                0x08002108       0xec ./Core/Src/stm32f7xx_hal_msp.o
                0x08002108                HAL_SPI_MspInit
 .text.HAL_TIM_Base_MspInit
                0x080021f4       0x40 ./Core/Src/stm32f7xx_hal_msp.o
                0x080021f4                HAL_TIM_Base_MspInit
 .text.HAL_TIM_PWM_MspInit
                0x08002234       0x64 ./Core/Src/stm32f7xx_hal_msp.o
                0x08002234                HAL_TIM_PWM_MspInit
 .text.HAL_TIM_MspPostInit
                0x08002298      0x178 ./Core/Src/stm32f7xx_hal_msp.o
                0x08002298                HAL_TIM_MspPostInit
 .text.HAL_UART_MspInit
                0x08002410       0xbc ./Core/Src/stm32f7xx_hal_msp.o
                0x08002410                HAL_UART_MspInit
 .text.NMI_Handler
                0x080024cc        0x8 ./Core/Src/stm32f7xx_it.o
                0x080024cc                NMI_Handler
 .text.HardFault_Handler
                0x080024d4        0x8 ./Core/Src/stm32f7xx_it.o
                0x080024d4                HardFault_Handler
 .text.MemManage_Handler
                0x080024dc        0x8 ./Core/Src/stm32f7xx_it.o
                0x080024dc                MemManage_Handler
 .text.BusFault_Handler
                0x080024e4        0x8 ./Core/Src/stm32f7xx_it.o
                0x080024e4                BusFault_Handler
 .text.UsageFault_Handler
                0x080024ec        0x8 ./Core/Src/stm32f7xx_it.o
                0x080024ec                UsageFault_Handler
 .text.SVC_Handler
                0x080024f4        0xe ./Core/Src/stm32f7xx_it.o
                0x080024f4                SVC_Handler
 .text.DebugMon_Handler
                0x08002502        0xe ./Core/Src/stm32f7xx_it.o
                0x08002502                DebugMon_Handler
 .text.PendSV_Handler
                0x08002510        0xe ./Core/Src/stm32f7xx_it.o
                0x08002510                PendSV_Handler
 .text.SysTick_Handler
                0x0800251e        0xc ./Core/Src/stm32f7xx_it.o
                0x0800251e                SysTick_Handler
 *fill*         0x0800252a        0x2 
 .text.OTG_FS_IRQHandler
                0x0800252c       0x14 ./Core/Src/stm32f7xx_it.o
                0x0800252c                OTG_FS_IRQHandler
 .text._getpid  0x08002540       0x10 ./Core/Src/syscalls.o
                0x08002540                _getpid
 .text._kill    0x08002550       0x20 ./Core/Src/syscalls.o
                0x08002550                _kill
 .text._exit    0x08002570       0x16 ./Core/Src/syscalls.o
                0x08002570                _exit
 .text._read    0x08002586       0x3a ./Core/Src/syscalls.o
                0x08002586                _read
 .text._close   0x080025c0       0x18 ./Core/Src/syscalls.o
                0x080025c0                _close
 .text._fstat   0x080025d8       0x20 ./Core/Src/syscalls.o
                0x080025d8                _fstat
 .text._isatty  0x080025f8       0x16 ./Core/Src/syscalls.o
                0x080025f8                _isatty
 .text._lseek   0x0800260e       0x1a ./Core/Src/syscalls.o
                0x0800260e                _lseek
 .text._sbrk    0x08002628       0x6c ./Core/Src/sysmem.o
                0x08002628                _sbrk
 .text.SystemInit
                0x08002694       0x24 ./Core/Src/system_stm32f7xx.o
                0x08002694                SystemInit
 .text.DWT_Delay_us
                0x080026b8       0x48 ./Core/Src/sensors/bme680.o
 .text.bme68x_i2c_write
                0x08002700       0x58 ./Core/Src/sensors/bme680.o
 .text.bme68x_i2c_read
                0x08002758       0x44 ./Core/Src/sensors/bme680.o
 .text.bme68x_delay_us
                0x0800279c       0x18 ./Core/Src/sensors/bme680.o
 .text.BME680_Init
                0x080027b4       0xec ./Core/Src/sensors/bme680.o
                0x080027b4                BME680_Init
 .text.BME680_Read_All
                0x080028a0       0xb4 ./Core/Src/sensors/bme680.o
                0x080028a0                BME680_Read_All
 .text.bme68x_init
                0x08002954       0x5c ./Core/Src/sensors/bme68x.o
                0x08002954                bme68x_init
 .text.bme68x_set_regs
                0x080029b0      0x11e ./Core/Src/sensors/bme68x.o
                0x080029b0                bme68x_set_regs
 .text.bme68x_get_regs
                0x08002ace       0x88 ./Core/Src/sensors/bme68x.o
                0x08002ace                bme68x_get_regs
 .text.bme68x_soft_reset
                0x08002b56       0x86 ./Core/Src/sensors/bme68x.o
                0x08002b56                bme68x_soft_reset
 .text.bme68x_set_conf
                0x08002bdc      0x214 ./Core/Src/sensors/bme68x.o
                0x08002bdc                bme68x_set_conf
 .text.bme68x_get_conf
                0x08002df0       0x90 ./Core/Src/sensors/bme68x.o
                0x08002df0                bme68x_get_conf
 .text.bme68x_set_op_mode
                0x08002e80       0xc2 ./Core/Src/sensors/bme68x.o
                0x08002e80                bme68x_set_op_mode
 .text.bme68x_get_op_mode
                0x08002f42       0x40 ./Core/Src/sensors/bme68x.o
                0x08002f42                bme68x_get_op_mode
 *fill*         0x08002f82        0x2 
 .text.bme68x_get_meas_dur
                0x08002f84       0xe8 ./Core/Src/sensors/bme68x.o
                0x08002f84                bme68x_get_meas_dur
 .text.bme68x_get_data
                0x0800306c      0x1fc ./Core/Src/sensors/bme68x.o
                0x0800306c                bme68x_get_data
 .text.bme68x_set_heatr_conf
                0x08003268      0x114 ./Core/Src/sensors/bme68x.o
                0x08003268                bme68x_set_heatr_conf
 .text.calc_temperature
                0x0800337c      0x10c ./Core/Src/sensors/bme68x.o
 .text.calc_pressure
                0x08003488      0x284 ./Core/Src/sensors/bme68x.o
 .text.calc_humidity
                0x0800370c      0x198 ./Core/Src/sensors/bme68x.o
 .text.calc_gas_resistance_low
                0x080038a4      0x144 ./Core/Src/sensors/bme68x.o
 .text.calc_gas_resistance_high
                0x080039e8       0x74 ./Core/Src/sensors/bme68x.o
 .text.calc_res_heat
                0x08003a5c      0x160 ./Core/Src/sensors/bme68x.o
 .text.calc_gas_wait
                0x08003bbc       0x4a ./Core/Src/sensors/bme68x.o
 .text.read_field_data
                0x08003c06      0x286 ./Core/Src/sensors/bme68x.o
 .text.read_all_field_data
                0x08003e8c      0x44a ./Core/Src/sensors/bme68x.o
 .text.set_mem_page
                0x080042d6       0xca ./Core/Src/sensors/bme68x.o
 .text.get_mem_page
                0x080043a0       0x5e ./Core/Src/sensors/bme68x.o
 .text.boundary_check
                0x080043fe       0x5a ./Core/Src/sensors/bme68x.o
 .text.null_ptr_check
                0x08004458       0x3e ./Core/Src/sensors/bme68x.o
 .text.set_conf
                0x08004496      0x2a6 ./Core/Src/sensors/bme68x.o
 .text.calc_heatr_dur_shared
                0x0800473c       0x6c ./Core/Src/sensors/bme68x.o
 .text.sort_sensor_data
                0x080047a8       0xac ./Core/Src/sensors/bme68x.o
 .text.swap_fields
                0x08004854       0x48 ./Core/Src/sensors/bme68x.o
 .text.get_calib_data
                0x0800489c      0x21e ./Core/Src/sensors/bme68x.o
 .text.read_variant_id
                0x08004aba       0x3a ./Core/Src/sensors/bme68x.o
 .text.ICM_WriteReg
                0x08004af4       0x64 ./Core/Src/sensors/icm40609d.o
 .text.ICM_ReadRegs
                0x08004b58       0x98 ./Core/Src/sensors/icm40609d.o
 .text.ICM40609D_Init
                0x08004bf0       0x60 ./Core/Src/sensors/icm40609d.o
                0x08004bf0                ICM40609D_Init
 .text.ICM40609D_Read_All
                0x08004c50      0x168 ./Core/Src/sensors/icm40609d.o
                0x08004c50                ICM40609D_Read_All
 .text.MMC_WriteReg
                0x08004db8       0x64 ./Core/Src/sensors/mmc5983ma.o
 .text.MMC_ReadRegs
                0x08004e1c       0x98 ./Core/Src/sensors/mmc5983ma.o
 .text.MMC5983MA_Init
                0x08004eb4       0x2c ./Core/Src/sensors/mmc5983ma.o
                0x08004eb4                MMC5983MA_Init
 .text.MMC5983MA_Read_All
                0x08004ee0      0x150 ./Core/Src/sensors/mmc5983ma.o
                0x08004ee0                MMC5983MA_Read_All
 .text.DWT_Delay_us
                0x08005030       0x48 ./Core/Src/sensors/ms5611.o
 .text.MS5611_Init
                0x08005078       0x80 ./Core/Src/sensors/ms5611.o
                0x08005078                MS5611_Init
 .text.MS5611_Read_All
                0x080050f8      0x320 ./Core/Src/sensors/ms5611.o
                0x080050f8                MS5611_Read_All
 .text.DWT_Delay_us
                0x08005418       0x48 ./Core/Src/sensors/sgp41.o
 .text.SGP41_Init
                0x08005460       0x34 ./Core/Src/sensors/sgp41.o
                0x08005460                SGP41_Init
 .text.SGP41_Read_All
                0x08005494       0xa4 ./Core/Src/sensors/sgp41.o
                0x08005494                SGP41_Read_All
 .text.Reset_Handler
                0x08005538       0x50 ./Core/Startup/startup_stm32f732retx.o
                0x08005538                Reset_Handler
 .text.Default_Handler
                0x08005588        0x2 ./Core/Startup/startup_stm32f732retx.o
                0x08005588                RTC_Alarm_IRQHandler
                0x08005588                EXTI2_IRQHandler
                0x08005588                TIM8_CC_IRQHandler
                0x08005588                UART8_IRQHandler
                0x08005588                SPI4_IRQHandler
                0x08005588                TIM1_CC_IRQHandler
                0x08005588                DMA2_Stream5_IRQHandler
                0x08005588                DMA1_Stream5_IRQHandler
                0x08005588                PVD_IRQHandler
                0x08005588                TAMP_STAMP_IRQHandler
                0x08005588                EXTI3_IRQHandler
                0x08005588                TIM8_TRG_COM_TIM14_IRQHandler
                0x08005588                TIM1_UP_TIM10_IRQHandler
                0x08005588                TIM8_UP_TIM13_IRQHandler
                0x08005588                I2C3_ER_IRQHandler
                0x08005588                EXTI0_IRQHandler
                0x08005588                I2C2_EV_IRQHandler
                0x08005588                DMA1_Stream2_IRQHandler
                0x08005588                CAN1_RX0_IRQHandler
                0x08005588                FPU_IRQHandler
                0x08005588                OTG_HS_WKUP_IRQHandler
                0x08005588                DMA2_Stream2_IRQHandler
                0x08005588                SPI1_IRQHandler
                0x08005588                TIM6_DAC_IRQHandler
                0x08005588                TIM1_BRK_TIM9_IRQHandler
                0x08005588                DMA2_Stream3_IRQHandler
                0x08005588                SAI2_IRQHandler
                0x08005588                USART6_IRQHandler
                0x08005588                USART3_IRQHandler
                0x08005588                CAN1_RX1_IRQHandler
                0x08005588                UART5_IRQHandler
                0x08005588                DMA2_Stream0_IRQHandler
                0x08005588                TIM4_IRQHandler
                0x08005588                QUADSPI_IRQHandler
                0x08005588                I2C1_EV_IRQHandler
                0x08005588                DMA1_Stream6_IRQHandler
                0x08005588                DMA1_Stream1_IRQHandler
                0x08005588                UART4_IRQHandler
                0x08005588                TIM3_IRQHandler
                0x08005588                RCC_IRQHandler
                0x08005588                TIM8_BRK_TIM12_IRQHandler
                0x08005588                Default_Handler
                0x08005588                EXTI15_10_IRQHandler
                0x08005588                ADC_IRQHandler
                0x08005588                DMA1_Stream7_IRQHandler
                0x08005588                SPI5_IRQHandler
                0x08005588                TIM7_IRQHandler
                0x08005588                SDMMC1_IRQHandler
                0x08005588                TIM5_IRQHandler
                0x08005588                DMA2_Stream7_IRQHandler
                0x08005588                I2C3_EV_IRQHandler
                0x08005588                EXTI9_5_IRQHandler
                0x08005588                RTC_WKUP_IRQHandler
                0x08005588                SPI2_IRQHandler
                0x08005588                OTG_HS_EP1_IN_IRQHandler
                0x08005588                DMA1_Stream0_IRQHandler
                0x08005588                CAN1_TX_IRQHandler
                0x08005588                EXTI4_IRQHandler
                0x08005588                RNG_IRQHandler
                0x08005588                OTG_HS_EP1_OUT_IRQHandler
                0x08005588                WWDG_IRQHandler
                0x08005588                TIM2_IRQHandler
                0x08005588                OTG_FS_WKUP_IRQHandler
                0x08005588                TIM1_TRG_COM_TIM11_IRQHandler
                0x08005588                OTG_HS_IRQHandler
                0x08005588                EXTI1_IRQHandler
                0x08005588                SDMMC2_IRQHandler
                0x08005588                AES_IRQHandler
                0x08005588                UART7_IRQHandler
                0x08005588                USART2_IRQHandler
                0x08005588                I2C2_ER_IRQHandler
                0x08005588                DMA2_Stream1_IRQHandler
                0x08005588                CAN1_SCE_IRQHandler
                0x08005588                FLASH_IRQHandler
                0x08005588                DMA2_Stream4_IRQHandler
                0x08005588                USART1_IRQHandler
                0x08005588                SPI3_IRQHandler
                0x08005588                DMA1_Stream4_IRQHandler
                0x08005588                I2C1_ER_IRQHandler
                0x08005588                FMC_IRQHandler
                0x08005588                LPTIM1_IRQHandler
                0x08005588                DMA2_Stream6_IRQHandler
                0x08005588                SAI1_IRQHandler
                0x08005588                DMA1_Stream3_IRQHandler
 .text.HAL_Init
                0x0800558a       0x1a ./Drivers/STM32F7xx_HAL_Driver/Src/stm32f7xx_hal.o
                0x0800558a                HAL_Init
 .text.HAL_InitTick
                0x080055a4       0x60 ./Drivers/STM32F7xx_HAL_Driver/Src/stm32f7xx_hal.o
                0x080055a4                HAL_InitTick
 .text.HAL_IncTick
                0x08005604       0x28 ./Drivers/STM32F7xx_HAL_Driver/Src/stm32f7xx_hal.o
                0x08005604                HAL_IncTick
 .text.HAL_GetTick
                0x0800562c       0x18 ./Drivers/STM32F7xx_HAL_Driver/Src/stm32f7xx_hal.o
                0x0800562c                HAL_GetTick
 .text.HAL_Delay
                0x08005644       0x48 ./Drivers/STM32F7xx_HAL_Driver/Src/stm32f7xx_hal.o
                0x08005644                HAL_Delay
 .text.HAL_ADC_Init
                0x0800568c       0x88 ./Drivers/STM32F7xx_HAL_Driver/Src/stm32f7xx_hal_adc.o
                0x0800568c                HAL_ADC_Init
 .text.HAL_ADC_ConfigChannel
                0x08005714      0x2b4 ./Drivers/STM32F7xx_HAL_Driver/Src/stm32f7xx_hal_adc.o
                0x08005714                HAL_ADC_ConfigChannel
 .text.ADC_Init
                0x080059c8      0x1f4 ./Drivers/STM32F7xx_HAL_Driver/Src/stm32f7xx_hal_adc.o
 .text.HAL_CAN_Init
                0x08005bbc      0x1f6 ./Drivers/STM32F7xx_HAL_Driver/Src/stm32f7xx_hal_can.o
                0x08005bbc                HAL_CAN_Init
 *fill*         0x08005db2        0x2 
 .text.__NVIC_SetPriorityGrouping
                0x08005db4       0x48 ./Drivers/STM32F7xx_HAL_Driver/Src/stm32f7xx_hal_cortex.o
 .text.__NVIC_GetPriorityGrouping
                0x08005dfc       0x1c ./Drivers/STM32F7xx_HAL_Driver/Src/stm32f7xx_hal_cortex.o
 .text.__NVIC_EnableIRQ
                0x08005e18       0x3c ./Drivers/STM32F7xx_HAL_Driver/Src/stm32f7xx_hal_cortex.o
 .text.__NVIC_SetPriority
                0x08005e54       0x54 ./Drivers/STM32F7xx_HAL_Driver/Src/stm32f7xx_hal_cortex.o
 .text.NVIC_EncodePriority
                0x08005ea8       0x66 ./Drivers/STM32F7xx_HAL_Driver/Src/stm32f7xx_hal_cortex.o
 *fill*         0x08005f0e        0x2 
 .text.SysTick_Config
                0x08005f10       0x44 ./Drivers/STM32F7xx_HAL_Driver/Src/stm32f7xx_hal_cortex.o
 .text.HAL_NVIC_SetPriorityGrouping
                0x08005f54       0x16 ./Drivers/STM32F7xx_HAL_Driver/Src/stm32f7xx_hal_cortex.o
                0x08005f54                HAL_NVIC_SetPriorityGrouping
 .text.HAL_NVIC_SetPriority
                0x08005f6a       0x38 ./Drivers/STM32F7xx_HAL_Driver/Src/stm32f7xx_hal_cortex.o
                0x08005f6a                HAL_NVIC_SetPriority
 .text.HAL_NVIC_EnableIRQ
                0x08005fa2       0x1c ./Drivers/STM32F7xx_HAL_Driver/Src/stm32f7xx_hal_cortex.o
                0x08005fa2                HAL_NVIC_EnableIRQ
 .text.HAL_SYSTICK_Config
                0x08005fbe       0x18 ./Drivers/STM32F7xx_HAL_Driver/Src/stm32f7xx_hal_cortex.o
                0x08005fbe                HAL_SYSTICK_Config
 *fill*         0x08005fd6        0x2 
 .text.HAL_MPU_Disable
                0x08005fd8       0x30 ./Drivers/STM32F7xx_HAL_Driver/Src/stm32f7xx_hal_cortex.o
                0x08005fd8                HAL_MPU_Disable
 .text.HAL_MPU_Enable
                0x08006008       0x40 ./Drivers/STM32F7xx_HAL_Driver/Src/stm32f7xx_hal_cortex.o
                0x08006008                HAL_MPU_Enable
 .text.HAL_MPU_ConfigRegion
                0x08006048       0x80 ./Drivers/STM32F7xx_HAL_Driver/Src/stm32f7xx_hal_cortex.o
                0x08006048                HAL_MPU_ConfigRegion
 .text.HAL_GPIO_Init
                0x080060c8      0x338 ./Drivers/STM32F7xx_HAL_Driver/Src/stm32f7xx_hal_gpio.o
                0x080060c8                HAL_GPIO_Init
 .text.HAL_GPIO_ReadPin
                0x08006400       0x30 ./Drivers/STM32F7xx_HAL_Driver/Src/stm32f7xx_hal_gpio.o
                0x08006400                HAL_GPIO_ReadPin
 .text.HAL_GPIO_WritePin
                0x08006430       0x32 ./Drivers/STM32F7xx_HAL_Driver/Src/stm32f7xx_hal_gpio.o
                0x08006430                HAL_GPIO_WritePin
 *fill*         0x08006462        0x2 
 .text.HAL_I2C_Init
                0x08006464      0x138 ./Drivers/STM32F7xx_HAL_Driver/Src/stm32f7xx_hal_i2c.o
                0x08006464                HAL_I2C_Init
 .text.HAL_I2CEx_ConfigAnalogFilter
                0x0800659c       0x96 ./Drivers/STM32F7xx_HAL_Driver/Src/stm32f7xx_hal_i2c_ex.o
                0x0800659c                HAL_I2CEx_ConfigAnalogFilter
 .text.HAL_I2CEx_ConfigDigitalFilter
                0x08006632       0x98 ./Drivers/STM32F7xx_HAL_Driver/Src/stm32f7xx_hal_i2c_ex.o
                0x08006632                HAL_I2CEx_ConfigDigitalFilter
 .text.HAL_PCD_Init
                0x080066ca      0x22c ./Drivers/STM32F7xx_HAL_Driver/Src/stm32f7xx_hal_pcd.o
                0x080066ca                HAL_PCD_Init
 .text.HAL_PCD_Start
                0x080068f6       0x44 ./Drivers/STM32F7xx_HAL_Driver/Src/stm32f7xx_hal_pcd.o
                0x080068f6                HAL_PCD_Start
 .text.HAL_PCD_IRQHandler
                0x0800693a      0x99c ./Drivers/STM32F7xx_HAL_Driver/Src/stm32f7xx_hal_pcd.o
                0x0800693a                HAL_PCD_IRQHandler
 .text.HAL_PCD_SetAddress
                0x080072d6       0x48 ./Drivers/STM32F7xx_HAL_Driver/Src/stm32f7xx_hal_pcd.o
                0x080072d6                HAL_PCD_SetAddress
 .text.HAL_PCD_EP_Open
                0x0800731e       0xd4 ./Drivers/STM32F7xx_HAL_Driver/Src/stm32f7xx_hal_pcd.o
                0x0800731e                HAL_PCD_EP_Open
 .text.HAL_PCD_EP_Close
                0x080073f2       0x94 ./Drivers/STM32F7xx_HAL_Driver/Src/stm32f7xx_hal_pcd.o
                0x080073f2                HAL_PCD_EP_Close
 .text.HAL_PCD_EP_Receive
                0x08007486       0x76 ./Drivers/STM32F7xx_HAL_Driver/Src/stm32f7xx_hal_pcd.o
                0x08007486                HAL_PCD_EP_Receive
 .text.HAL_PCD_EP_GetRxCount
                0x080074fc       0x30 ./Drivers/STM32F7xx_HAL_Driver/Src/stm32f7xx_hal_pcd.o
                0x080074fc                HAL_PCD_EP_GetRxCount
 .text.HAL_PCD_EP_Transmit
                0x0800752c       0x74 ./Drivers/STM32F7xx_HAL_Driver/Src/stm32f7xx_hal_pcd.o
                0x0800752c                HAL_PCD_EP_Transmit
 .text.HAL_PCD_EP_SetStall
                0x080075a0       0xc6 ./Drivers/STM32F7xx_HAL_Driver/Src/stm32f7xx_hal_pcd.o
                0x080075a0                HAL_PCD_EP_SetStall
 .text.HAL_PCD_EP_ClrStall
                0x08007666       0xac ./Drivers/STM32F7xx_HAL_Driver/Src/stm32f7xx_hal_pcd.o
                0x08007666                HAL_PCD_EP_ClrStall
 .text.HAL_PCD_EP_Abort
                0x08007712       0x62 ./Drivers/STM32F7xx_HAL_Driver/Src/stm32f7xx_hal_pcd.o
                0x08007712                HAL_PCD_EP_Abort
 .text.PCD_WriteEmptyTxFifo
                0x08007774      0x118 ./Drivers/STM32F7xx_HAL_Driver/Src/stm32f7xx_hal_pcd.o
 .text.PCD_EP_OutXfrComplete_int
                0x0800788c      0x1d0 ./Drivers/STM32F7xx_HAL_Driver/Src/stm32f7xx_hal_pcd.o
 .text.PCD_EP_OutSetupPacket_int
                0x08007a5c       0x8c ./Drivers/STM32F7xx_HAL_Driver/Src/stm32f7xx_hal_pcd.o
 .text.HAL_PCDEx_SetTxFiFo
                0x08007ae8       0x8e ./Drivers/STM32F7xx_HAL_Driver/Src/stm32f7xx_hal_pcd_ex.o
                0x08007ae8                HAL_PCDEx_SetTxFiFo
 .text.HAL_PCDEx_SetRxFiFo
                0x08007b76       0x22 ./Drivers/STM32F7xx_HAL_Driver/Src/stm32f7xx_hal_pcd_ex.o
                0x08007b76                HAL_PCDEx_SetRxFiFo
 .text.HAL_PCDEx_ActivateLPM
                0x08007b98       0x48 ./Drivers/STM32F7xx_HAL_Driver/Src/stm32f7xx_hal_pcd_ex.o
                0x08007b98                HAL_PCDEx_ActivateLPM
 .text.HAL_PWREx_EnableOverDrive
                0x08007be0       0xa0 ./Drivers/STM32F7xx_HAL_Driver/Src/stm32f7xx_hal_pwr_ex.o
                0x08007be0                HAL_PWREx_EnableOverDrive
 .text.HAL_RCC_OscConfig
                0x08007c80      0x548 ./Drivers/STM32F7xx_HAL_Driver/Src/stm32f7xx_hal_rcc.o
                0x08007c80                HAL_RCC_OscConfig
 .text.HAL_RCC_ClockConfig
                0x080081c8      0x1d8 ./Drivers/STM32F7xx_HAL_Driver/Src/stm32f7xx_hal_rcc.o
                0x080081c8                HAL_RCC_ClockConfig
 .text.HAL_RCC_GetSysClockFreq
                0x080083a0      0x18c ./Drivers/STM32F7xx_HAL_Driver/Src/stm32f7xx_hal_rcc.o
                0x080083a0                HAL_RCC_GetSysClockFreq
 .text.HAL_RCC_GetHCLKFreq
                0x0800852c       0x18 ./Drivers/STM32F7xx_HAL_Driver/Src/stm32f7xx_hal_rcc.o
                0x0800852c                HAL_RCC_GetHCLKFreq
 .text.HAL_RCC_GetPCLK1Freq
                0x08008544       0x28 ./Drivers/STM32F7xx_HAL_Driver/Src/stm32f7xx_hal_rcc.o
                0x08008544                HAL_RCC_GetPCLK1Freq
 .text.HAL_RCC_GetPCLK2Freq
                0x0800856c       0x28 ./Drivers/STM32F7xx_HAL_Driver/Src/stm32f7xx_hal_rcc.o
                0x0800856c                HAL_RCC_GetPCLK2Freq
 .text.HAL_RCCEx_PeriphCLKConfig
                0x08008594      0x694 ./Drivers/STM32F7xx_HAL_Driver/Src/stm32f7xx_hal_rcc_ex.o
                0x08008594                HAL_RCCEx_PeriphCLKConfig
 .text.HAL_SPI_Init
                0x08008c28      0x156 ./Drivers/STM32F7xx_HAL_Driver/Src/stm32f7xx_hal_spi.o
                0x08008c28                HAL_SPI_Init
 .text.HAL_SPI_Transmit
                0x08008d7e      0x2ec ./Drivers/STM32F7xx_HAL_Driver/Src/stm32f7xx_hal_spi.o
                0x08008d7e                HAL_SPI_Transmit
 .text.HAL_SPI_TransmitReceive
                0x0800906a      0x43e ./Drivers/STM32F7xx_HAL_Driver/Src/stm32f7xx_hal_spi.o
                0x0800906a                HAL_SPI_TransmitReceive
 .text.SPI_WaitFlagStateUntilTimeout
                0x080094a8      0x110 ./Drivers/STM32F7xx_HAL_Driver/Src/stm32f7xx_hal_spi.o
 .text.SPI_WaitFifoStateUntilTimeout
                0x080095b8      0x12c ./Drivers/STM32F7xx_HAL_Driver/Src/stm32f7xx_hal_spi.o
 .text.SPI_EndRxTxTransaction
                0x080096e4       0xd4 ./Drivers/STM32F7xx_HAL_Driver/Src/stm32f7xx_hal_spi.o
 .text.HAL_TIM_Base_Init
                0x080097b8       0xae ./Drivers/STM32F7xx_HAL_Driver/Src/stm32f7xx_hal_tim.o
                0x080097b8                HAL_TIM_Base_Init
 .text.HAL_TIM_OC_Init
                0x08009866       0xae ./Drivers/STM32F7xx_HAL_Driver/Src/stm32f7xx_hal_tim.o
                0x08009866                HAL_TIM_OC_Init
 .text.HAL_TIM_OC_MspInit
                0x08009914       0x14 ./Drivers/STM32F7xx_HAL_Driver/Src/stm32f7xx_hal_tim.o
                0x08009914                HAL_TIM_OC_MspInit
 .text.HAL_TIM_PWM_Init
                0x08009928       0xae ./Drivers/STM32F7xx_HAL_Driver/Src/stm32f7xx_hal_tim.o
                0x08009928                HAL_TIM_PWM_Init
 *fill*         0x080099d6        0x2 
 .text.HAL_TIM_OC_ConfigChannel
                0x080099d8       0xf4 ./Drivers/STM32F7xx_HAL_Driver/Src/stm32f7xx_hal_tim.o
                0x080099d8                HAL_TIM_OC_ConfigChannel
 .text.HAL_TIM_PWM_ConfigChannel
                0x08009acc      0x228 ./Drivers/STM32F7xx_HAL_Driver/Src/stm32f7xx_hal_tim.o
                0x08009acc                HAL_TIM_PWM_ConfigChannel
 .text.HAL_TIM_ConfigClockSource
                0x08009cf4      0x194 ./Drivers/STM32F7xx_HAL_Driver/Src/stm32f7xx_hal_tim.o
                0x08009cf4                HAL_TIM_ConfigClockSource
 .text.TIM_Base_SetConfig
                0x08009e88      0x14c ./Drivers/STM32F7xx_HAL_Driver/Src/stm32f7xx_hal_tim.o
                0x08009e88                TIM_Base_SetConfig
 .text.TIM_OC1_SetConfig
                0x08009fd4       0xe4 ./Drivers/STM32F7xx_HAL_Driver/Src/stm32f7xx_hal_tim.o
 .text.TIM_OC2_SetConfig
                0x0800a0b8       0xf0 ./Drivers/STM32F7xx_HAL_Driver/Src/stm32f7xx_hal_tim.o
                0x0800a0b8                TIM_OC2_SetConfig
 .text.TIM_OC3_SetConfig
                0x0800a1a8       0xec ./Drivers/STM32F7xx_HAL_Driver/Src/stm32f7xx_hal_tim.o
 .text.TIM_OC4_SetConfig
                0x0800a294       0xb0 ./Drivers/STM32F7xx_HAL_Driver/Src/stm32f7xx_hal_tim.o
 .text.TIM_OC5_SetConfig
                0x0800a344       0xa4 ./Drivers/STM32F7xx_HAL_Driver/Src/stm32f7xx_hal_tim.o
 .text.TIM_OC6_SetConfig
                0x0800a3e8       0xa8 ./Drivers/STM32F7xx_HAL_Driver/Src/stm32f7xx_hal_tim.o
 .text.TIM_TI1_ConfigInputStage
                0x0800a490       0x5e ./Drivers/STM32F7xx_HAL_Driver/Src/stm32f7xx_hal_tim.o
 .text.TIM_TI2_ConfigInputStage
                0x0800a4ee       0x60 ./Drivers/STM32F7xx_HAL_Driver/Src/stm32f7xx_hal_tim.o
 .text.TIM_ITRx_SetConfig
                0x0800a54e       0x36 ./Drivers/STM32F7xx_HAL_Driver/Src/stm32f7xx_hal_tim.o
 .text.TIM_ETR_SetConfig
                0x0800a584       0x40 ./Drivers/STM32F7xx_HAL_Driver/Src/stm32f7xx_hal_tim.o
                0x0800a584                TIM_ETR_SetConfig
 .text.HAL_TIMEx_MasterConfigSynchronization
                0x0800a5c4      0x11c ./Drivers/STM32F7xx_HAL_Driver/Src/stm32f7xx_hal_tim_ex.o
                0x0800a5c4                HAL_TIMEx_MasterConfigSynchronization
 .text.HAL_TIMEx_ConfigBreakDeadTime
                0x0800a6e0       0xfc ./Drivers/STM32F7xx_HAL_Driver/Src/stm32f7xx_hal_tim_ex.o
                0x0800a6e0                HAL_TIMEx_ConfigBreakDeadTime
 .text.HAL_UART_Init
                0x0800a7dc       0x9c ./Drivers/STM32F7xx_HAL_Driver/Src/stm32f7xx_hal_uart.o
                0x0800a7dc                HAL_UART_Init
 .text.UART_SetConfig
                0x0800a878      0x4c8 ./Drivers/STM32F7xx_HAL_Driver/Src/stm32f7xx_hal_uart.o
                0x0800a878                UART_SetConfig
 .text.UART_AdvFeatureConfig
                0x0800ad40      0x144 ./Drivers/STM32F7xx_HAL_Driver/Src/stm32f7xx_hal_uart.o
                0x0800ad40                UART_AdvFeatureConfig
 .text.UART_CheckIdleState
                0x0800ae84       0xae ./Drivers/STM32F7xx_HAL_Driver/Src/stm32f7xx_hal_uart.o
                0x0800ae84                UART_CheckIdleState
 .text.UART_WaitOnFlagUntilTimeout
                0x0800af32       0xda ./Drivers/STM32F7xx_HAL_Driver/Src/stm32f7xx_hal_uart.o
                0x0800af32                UART_WaitOnFlagUntilTimeout
 .text.UART_EndRxTransfer
                0x0800b00c       0xc8 ./Drivers/STM32F7xx_HAL_Driver/Src/stm32f7xx_hal_uart.o
 .text.USB_CoreInit
                0x0800b0d4      0x118 ./Drivers/STM32F7xx_HAL_Driver/Src/stm32f7xx_ll_usb.o
                0x0800b0d4                USB_CoreInit
 .text.USB_SetTurnaroundTime
                0x0800b1ec      0x144 ./Drivers/STM32F7xx_HAL_Driver/Src/stm32f7xx_ll_usb.o
                0x0800b1ec                USB_SetTurnaroundTime
 .text.USB_EnableGlobalInt
                0x0800b330       0x22 ./Drivers/STM32F7xx_HAL_Driver/Src/stm32f7xx_ll_usb.o
                0x0800b330                USB_EnableGlobalInt
 .text.USB_DisableGlobalInt
                0x0800b352       0x22 ./Drivers/STM32F7xx_HAL_Driver/Src/stm32f7xx_ll_usb.o
                0x0800b352                USB_DisableGlobalInt
 .text.USB_SetCurrentMode
                0x0800b374       0x98 ./Drivers/STM32F7xx_HAL_Driver/Src/stm32f7xx_ll_usb.o
                0x0800b374                USB_SetCurrentMode
 .text.USB_DevInit
                0x0800b40c      0x2e0 ./Drivers/STM32F7xx_HAL_Driver/Src/stm32f7xx_ll_usb.o
                0x0800b40c                USB_DevInit
 .text.USB_FlushTxFifo
                0x0800b6ec       0x64 ./Drivers/STM32F7xx_HAL_Driver/Src/stm32f7xx_ll_usb.o
                0x0800b6ec                USB_FlushTxFifo
 .text.USB_FlushRxFifo
                0x0800b750       0x5c ./Drivers/STM32F7xx_HAL_Driver/Src/stm32f7xx_ll_usb.o
                0x0800b750                USB_FlushRxFifo
 .text.USB_SetDevSpeed
                0x0800b7ac       0x32 ./Drivers/STM32F7xx_HAL_Driver/Src/stm32f7xx_ll_usb.o
                0x0800b7ac                USB_SetDevSpeed
 .text.USB_GetDevSpeed
                0x0800b7de       0x4a ./Drivers/STM32F7xx_HAL_Driver/Src/stm32f7xx_ll_usb.o
                0x0800b7de                USB_GetDevSpeed
 .text.USB_ActivateEndpoint
                0x0800b828      0x110 ./Drivers/STM32F7xx_HAL_Driver/Src/stm32f7xx_ll_usb.o
                0x0800b828                USB_ActivateEndpoint
 .text.USB_DeactivateEndpoint
                0x0800b938      0x1b8 ./Drivers/STM32F7xx_HAL_Driver/Src/stm32f7xx_ll_usb.o
                0x0800b938                USB_DeactivateEndpoint
 .text.USB_EPStartXfer
                0x0800baf0      0x548 ./Drivers/STM32F7xx_HAL_Driver/Src/stm32f7xx_ll_usb.o
                0x0800baf0                USB_EPStartXfer
 .text.USB_EPStopXfer
                0x0800c038      0x154 ./Drivers/STM32F7xx_HAL_Driver/Src/stm32f7xx_ll_usb.o
                0x0800c038                USB_EPStopXfer
 .text.USB_WritePacket
                0x0800c18c       0x7c ./Drivers/STM32F7xx_HAL_Driver/Src/stm32f7xx_ll_usb.o
                0x0800c18c                USB_WritePacket
 .text.USB_ReadPacket
                0x0800c208       0xb0 ./Drivers/STM32F7xx_HAL_Driver/Src/stm32f7xx_ll_usb.o
                0x0800c208                USB_ReadPacket
 .text.USB_EPSetStall
                0x0800c2b8       0xdc ./Drivers/STM32F7xx_HAL_Driver/Src/stm32f7xx_ll_usb.o
                0x0800c2b8                USB_EPSetStall
 .text.USB_EPClearStall
                0x0800c394       0xcc ./Drivers/STM32F7xx_HAL_Driver/Src/stm32f7xx_ll_usb.o
                0x0800c394                USB_EPClearStall
 .text.USB_SetDevAddress
                0x0800c460       0x4c ./Drivers/STM32F7xx_HAL_Driver/Src/stm32f7xx_ll_usb.o
                0x0800c460                USB_SetDevAddress
 .text.USB_DevConnect
                0x0800c4ac       0x42 ./Drivers/STM32F7xx_HAL_Driver/Src/stm32f7xx_ll_usb.o
                0x0800c4ac                USB_DevConnect
 .text.USB_DevDisconnect
                0x0800c4ee       0x42 ./Drivers/STM32F7xx_HAL_Driver/Src/stm32f7xx_ll_usb.o
                0x0800c4ee                USB_DevDisconnect
 .text.USB_ReadInterrupts
                0x0800c530       0x26 ./Drivers/STM32F7xx_HAL_Driver/Src/stm32f7xx_ll_usb.o
                0x0800c530                USB_ReadInterrupts
 .text.USB_ReadDevAllOutEpInterrupt
                0x0800c556       0x34 ./Drivers/STM32F7xx_HAL_Driver/Src/stm32f7xx_ll_usb.o
                0x0800c556                USB_ReadDevAllOutEpInterrupt
 .text.USB_ReadDevAllInEpInterrupt
                0x0800c58a       0x34 ./Drivers/STM32F7xx_HAL_Driver/Src/stm32f7xx_ll_usb.o
                0x0800c58a                USB_ReadDevAllInEpInterrupt
 .text.USB_ReadDevOutEPInterrupt
                0x0800c5be       0x3c ./Drivers/STM32F7xx_HAL_Driver/Src/stm32f7xx_ll_usb.o
                0x0800c5be                USB_ReadDevOutEPInterrupt
 .text.USB_ReadDevInEPInterrupt
                0x0800c5fa       0x5c ./Drivers/STM32F7xx_HAL_Driver/Src/stm32f7xx_ll_usb.o
                0x0800c5fa                USB_ReadDevInEPInterrupt
 .text.USB_GetMode
                0x0800c656       0x1c ./Drivers/STM32F7xx_HAL_Driver/Src/stm32f7xx_ll_usb.o
                0x0800c656                USB_GetMode
 *fill*         0x0800c672        0x2 
 .text.USB_ActivateSetup
                0x0800c674       0x48 ./Drivers/STM32F7xx_HAL_Driver/Src/stm32f7xx_ll_usb.o
                0x0800c674                USB_ActivateSetup
 .text.USB_EP0_OutStart
                0x0800c6bc       0xbc ./Drivers/STM32F7xx_HAL_Driver/Src/stm32f7xx_ll_usb.o
                0x0800c6bc                USB_EP0_OutStart
 .text.USB_CoreReset
                0x0800c778       0x70 ./Drivers/STM32F7xx_HAL_Driver/Src/stm32f7xx_ll_usb.o
 .text.USBD_CDC_Init
                0x0800c7e8      0x1f0 ./Middlewares/ST/STM32_USB_Device_Library/Class/CDC/Src/usbd_cdc.o
 .text.USBD_CDC_DeInit
                0x0800c9d8      0x104 ./Middlewares/ST/STM32_USB_Device_Library/Class/CDC/Src/usbd_cdc.o
 .text.USBD_CDC_Setup
                0x0800cadc      0x1b8 ./Middlewares/ST/STM32_USB_Device_Library/Class/CDC/Src/usbd_cdc.o
 .text.USBD_CDC_DataIn
                0x0800cc94       0xfe ./Middlewares/ST/STM32_USB_Device_Library/Class/CDC/Src/usbd_cdc.o
 .text.USBD_CDC_DataOut
                0x0800cd92       0x70 ./Middlewares/ST/STM32_USB_Device_Library/Class/CDC/Src/usbd_cdc.o
 .text.USBD_CDC_EP0_RxReady
                0x0800ce02       0x74 ./Middlewares/ST/STM32_USB_Device_Library/Class/CDC/Src/usbd_cdc.o
 *fill*         0x0800ce76        0x2 
 .text.USBD_CDC_GetFSCfgDesc
                0x0800ce78       0x70 ./Middlewares/ST/STM32_USB_Device_Library/Class/CDC/Src/usbd_cdc.o
 .text.USBD_CDC_GetHSCfgDesc
                0x0800cee8       0x70 ./Middlewares/ST/STM32_USB_Device_Library/Class/CDC/Src/usbd_cdc.o
 .text.USBD_CDC_GetOtherSpeedCfgDesc
                0x0800cf58       0x70 ./Middlewares/ST/STM32_USB_Device_Library/Class/CDC/Src/usbd_cdc.o
 .text.USBD_CDC_GetDeviceQualifierDescriptor
                0x0800cfc8       0x20 ./Middlewares/ST/STM32_USB_Device_Library/Class/CDC/Src/usbd_cdc.o
                0x0800cfc8                USBD_CDC_GetDeviceQualifierDescriptor
 .text.USBD_CDC_RegisterInterface
                0x0800cfe8       0x34 ./Middlewares/ST/STM32_USB_Device_Library/Class/CDC/Src/usbd_cdc.o
                0x0800cfe8                USBD_CDC_RegisterInterface
 .text.USBD_CDC_SetTxBuffer
                0x0800d01c       0x44 ./Middlewares/ST/STM32_USB_Device_Library/Class/CDC/Src/usbd_cdc.o
                0x0800d01c                USBD_CDC_SetTxBuffer
 .text.USBD_CDC_SetRxBuffer
                0x0800d060       0x3a ./Middlewares/ST/STM32_USB_Device_Library/Class/CDC/Src/usbd_cdc.o
                0x0800d060                USBD_CDC_SetRxBuffer
 *fill*         0x0800d09a        0x2 
 .text.USBD_CDC_TransmitPacket
                0x0800d09c       0x80 ./Middlewares/ST/STM32_USB_Device_Library/Class/CDC/Src/usbd_cdc.o
                0x0800d09c                USBD_CDC_TransmitPacket
 .text.USBD_CDC_ReceivePacket
                0x0800d11c       0x6c ./Middlewares/ST/STM32_USB_Device_Library/Class/CDC/Src/usbd_cdc.o
                0x0800d11c                USBD_CDC_ReceivePacket
 .text.USBD_Init
                0x0800d188       0x60 ./Middlewares/ST/STM32_USB_Device_Library/Core/Src/usbd_core.o
                0x0800d188                USBD_Init
 .text.USBD_RegisterClass
                0x0800d1e8       0x6c ./Middlewares/ST/STM32_USB_Device_Library/Core/Src/usbd_core.o
                0x0800d1e8                USBD_RegisterClass
 .text.USBD_Start
                0x0800d254       0x18 ./Middlewares/ST/STM32_USB_Device_Library/Core/Src/usbd_core.o
                0x0800d254                USBD_Start
 .text.USBD_RunTestMode
                0x0800d26c       0x16 ./Middlewares/ST/STM32_USB_Device_Library/Core/Src/usbd_core.o
                0x0800d26c                USBD_RunTestMode
 .text.USBD_SetClassConfig
                0x0800d282       0x38 ./Middlewares/ST/STM32_USB_Device_Library/Core/Src/usbd_core.o
                0x0800d282                USBD_SetClassConfig
 .text.USBD_ClrClassConfig
                0x0800d2ba       0x34 ./Middlewares/ST/STM32_USB_Device_Library/Core/Src/usbd_core.o
                0x0800d2ba                USBD_ClrClassConfig
 .text.USBD_LL_SetupStage
                0x0800d2ee       0xaa ./Middlewares/ST/STM32_USB_Device_Library/Core/Src/usbd_core.o
                0x0800d2ee                USBD_LL_SetupStage
 .text.USBD_LL_DataOutStage
                0x0800d398      0x178 ./Middlewares/ST/STM32_USB_Device_Library/Core/Src/usbd_core.o
                0x0800d398                USBD_LL_DataOutStage
 .text.USBD_LL_DataInStage
                0x0800d510      0x176 ./Middlewares/ST/STM32_USB_Device_Library/Core/Src/usbd_core.o
                0x0800d510                USBD_LL_DataInStage
 .text.USBD_LL_Reset
                0x0800d686       0xa6 ./Middlewares/ST/STM32_USB_Device_Library/Core/Src/usbd_core.o
                0x0800d686                USBD_LL_Reset
 .text.USBD_LL_SetSpeed
                0x0800d72c       0x20 ./Middlewares/ST/STM32_USB_Device_Library/Core/Src/usbd_core.o
                0x0800d72c                USBD_LL_SetSpeed
 .text.USBD_LL_Suspend
                0x0800d74c       0x38 ./Middlewares/ST/STM32_USB_Device_Library/Core/Src/usbd_core.o
                0x0800d74c                USBD_LL_Suspend
 .text.USBD_LL_Resume
                0x0800d784       0x30 ./Middlewares/ST/STM32_USB_Device_Library/Core/Src/usbd_core.o
                0x0800d784                USBD_LL_Resume
 .text.USBD_LL_SOF
                0x0800d7b4       0x40 ./Middlewares/ST/STM32_USB_Device_Library/Core/Src/usbd_core.o
                0x0800d7b4                USBD_LL_SOF
 .text.USBD_LL_IsoINIncomplete
                0x0800d7f4       0x64 ./Middlewares/ST/STM32_USB_Device_Library/Core/Src/usbd_core.o
                0x0800d7f4                USBD_LL_IsoINIncomplete
 .text.USBD_LL_IsoOUTIncomplete
                0x0800d858       0x64 ./Middlewares/ST/STM32_USB_Device_Library/Core/Src/usbd_core.o
                0x0800d858                USBD_LL_IsoOUTIncomplete
 .text.USBD_LL_DevConnected
                0x0800d8bc       0x16 ./Middlewares/ST/STM32_USB_Device_Library/Core/Src/usbd_core.o
                0x0800d8bc                USBD_LL_DevConnected
 .text.USBD_LL_DevDisconnected
                0x0800d8d2       0x46 ./Middlewares/ST/STM32_USB_Device_Library/Core/Src/usbd_core.o
                0x0800d8d2                USBD_LL_DevDisconnected
 .text.USBD_CoreFindIF
                0x0800d918       0x1a ./Middlewares/ST/STM32_USB_Device_Library/Core/Src/usbd_core.o
                0x0800d918                USBD_CoreFindIF
 .text.USBD_CoreFindEP
                0x0800d932       0x1a ./Middlewares/ST/STM32_USB_Device_Library/Core/Src/usbd_core.o
                0x0800d932                USBD_CoreFindEP
 .text.USBD_GetEpDesc
                0x0800d94c       0x70 ./Middlewares/ST/STM32_USB_Device_Library/Core/Src/usbd_core.o
                0x0800d94c                USBD_GetEpDesc
 .text.USBD_GetNextDesc
                0x0800d9bc       0x38 ./Middlewares/ST/STM32_USB_Device_Library/Core/Src/usbd_core.o
                0x0800d9bc                USBD_GetNextDesc
 .text.SWAPBYTE
                0x0800d9f4       0x3e ./Middlewares/ST/STM32_USB_Device_Library/Core/Src/usbd_ctlreq.o
 *fill*         0x0800da32        0x2 
 .text.USBD_StdDevReq
                0x0800da34       0xe4 ./Middlewares/ST/STM32_USB_Device_Library/Core/Src/usbd_ctlreq.o
                0x0800da34                USBD_StdDevReq
 .text.USBD_StdItfReq
                0x0800db18       0xd8 ./Middlewares/ST/STM32_USB_Device_Library/Core/Src/usbd_ctlreq.o
                0x0800db18                USBD_StdItfReq
 .text.USBD_StdEPReq
                0x0800dbf0      0x33e ./Middlewares/ST/STM32_USB_Device_Library/Core/Src/usbd_ctlreq.o
                0x0800dbf0                USBD_StdEPReq
 *fill*         0x0800df2e        0x2 
 .text.USBD_GetDescriptor
                0x0800df30      0x328 ./Middlewares/ST/STM32_USB_Device_Library/Core/Src/usbd_ctlreq.o
 .text.USBD_SetAddress
                0x0800e258       0x88 ./Middlewares/ST/STM32_USB_Device_Library/Core/Src/usbd_ctlreq.o
 .text.USBD_SetConfig
                0x0800e2e0      0x154 ./Middlewares/ST/STM32_USB_Device_Library/Core/Src/usbd_ctlreq.o
 .text.USBD_GetConfig
                0x0800e434       0x6c ./Middlewares/ST/STM32_USB_Device_Library/Core/Src/usbd_ctlreq.o
 .text.USBD_GetStatus
                0x0800e4a0       0x68 ./Middlewares/ST/STM32_USB_Device_Library/Core/Src/usbd_ctlreq.o
 .text.USBD_SetFeature
                0x0800e508       0x52 ./Middlewares/ST/STM32_USB_Device_Library/Core/Src/usbd_ctlreq.o
 .text.USBD_ClrFeature
                0x0800e55a       0x44 ./Middlewares/ST/STM32_USB_Device_Library/Core/Src/usbd_ctlreq.o
 .text.USBD_ParseSetupRequest
                0x0800e59e       0x74 ./Middlewares/ST/STM32_USB_Device_Library/Core/Src/usbd_ctlreq.o
                0x0800e59e                USBD_ParseSetupRequest
 .text.USBD_CtlError
                0x0800e612       0x22 ./Middlewares/ST/STM32_USB_Device_Library/Core/Src/usbd_ctlreq.o
                0x0800e612                USBD_CtlError
 .text.USBD_GetString
                0x0800e634       0xa4 ./Middlewares/ST/STM32_USB_Device_Library/Core/Src/usbd_ctlreq.o
                0x0800e634                USBD_GetString
 .text.USBD_GetLen
                0x0800e6d8       0x34 ./Middlewares/ST/STM32_USB_Device_Library/Core/Src/usbd_ctlreq.o
 .text.USBD_CtlSendData
                0x0800e70c       0x3c ./Middlewares/ST/STM32_USB_Device_Library/Core/Src/usbd_ioreq.o
                0x0800e70c                USBD_CtlSendData
 .text.USBD_CtlContinueSendData
                0x0800e748       0x22 ./Middlewares/ST/STM32_USB_Device_Library/Core/Src/usbd_ioreq.o
                0x0800e748                USBD_CtlContinueSendData
 .text.USBD_CtlPrepareRx
                0x0800e76a       0x42 ./Middlewares/ST/STM32_USB_Device_Library/Core/Src/usbd_ioreq.o
                0x0800e76a                USBD_CtlPrepareRx
 .text.USBD_CtlContinueRx
                0x0800e7ac       0x22 ./Middlewares/ST/STM32_USB_Device_Library/Core/Src/usbd_ioreq.o
                0x0800e7ac                USBD_CtlContinueRx
 .text.USBD_CtlSendStatus
                0x0800e7ce       0x26 ./Middlewares/ST/STM32_USB_Device_Library/Core/Src/usbd_ioreq.o
                0x0800e7ce                USBD_CtlSendStatus
 .text.USBD_CtlReceiveStatus
                0x0800e7f4       0x26 ./Middlewares/ST/STM32_USB_Device_Library/Core/Src/usbd_ioreq.o
                0x0800e7f4                USBD_CtlReceiveStatus
 *fill*         0x0800e81a        0x2 
 .text.MX_USB_DEVICE_Init
                0x0800e81c       0x60 ./USB_DEVICE/App/usb_device.o
                0x0800e81c                MX_USB_DEVICE_Init
 .text.__NVIC_SystemReset
                0x0800e87c       0x2c ./USB_DEVICE/App/usbd_cdc_if.o
 .text.CDC_Init_FS
                0x0800e8a8       0x28 ./USB_DEVICE/App/usbd_cdc_if.o
 .text.CDC_DeInit_FS
                0x0800e8d0       0x10 ./USB_DEVICE/App/usbd_cdc_if.o
 .text.CDC_Control_FS
                0x0800e8e0       0xbc ./USB_DEVICE/App/usbd_cdc_if.o
 .text.CDC_Receive_FS
                0x0800e99c       0x3c ./USB_DEVICE/App/usbd_cdc_if.o
 .text.CDC_Transmit_FS
                0x0800e9d8       0x4c ./USB_DEVICE/App/usbd_cdc_if.o
                0x0800e9d8                CDC_Transmit_FS
 .text.CDC_TransmitCplt_FS
                0x0800ea24       0x22 ./USB_DEVICE/App/usbd_cdc_if.o
 *fill*         0x0800ea46        0x2 
 .text.USBD_FS_DeviceDescriptor
                0x0800ea48       0x24 ./USB_DEVICE/App/usbd_desc.o
                0x0800ea48                USBD_FS_DeviceDescriptor
 .text.USBD_FS_LangIDStrDescriptor
                0x0800ea6c       0x24 ./USB_DEVICE/App/usbd_desc.o
                0x0800ea6c                USBD_FS_LangIDStrDescriptor
 .text.USBD_FS_ProductStrDescriptor
                0x0800ea90       0x3c ./USB_DEVICE/App/usbd_desc.o
                0x0800ea90                USBD_FS_ProductStrDescriptor
 .text.USBD_FS_ManufacturerStrDescriptor
                0x0800eacc       0x28 ./USB_DEVICE/App/usbd_desc.o
                0x0800eacc                USBD_FS_ManufacturerStrDescriptor
 .text.USBD_FS_SerialStrDescriptor
                0x0800eaf4       0x24 ./USB_DEVICE/App/usbd_desc.o
                0x0800eaf4                USBD_FS_SerialStrDescriptor
 .text.USBD_FS_ConfigStrDescriptor
                0x0800eb18       0x3c ./USB_DEVICE/App/usbd_desc.o
                0x0800eb18                USBD_FS_ConfigStrDescriptor
 .text.USBD_FS_InterfaceStrDescriptor
                0x0800eb54       0x3c ./USB_DEVICE/App/usbd_desc.o
                0x0800eb54                USBD_FS_InterfaceStrDescriptor
 .text.USBD_FS_USR_BOSDescriptor
                0x0800eb90       0x24 ./USB_DEVICE/App/usbd_desc.o
                0x0800eb90                USBD_FS_USR_BOSDescriptor
 .text.Get_SerialNum
                0x0800ebb4       0x58 ./USB_DEVICE/App/usbd_desc.o
 .text.IntToUnicode
                0x0800ec0c       0x7e ./USB_DEVICE/App/usbd_desc.o
 *fill*         0x0800ec8a        0x2 
 .text.HAL_PCD_MspInit
                0x0800ec8c      0x104 ./USB_DEVICE/Target/usbd_conf.o
                0x0800ec8c                HAL_PCD_MspInit
 .text.HAL_PCD_SetupStageCallback
                0x0800ed90       0x24 ./USB_DEVICE/Target/usbd_conf.o
                0x0800ed90                HAL_PCD_SetupStageCallback
 .text.HAL_PCD_DataOutStageCallback
                0x0800edb4       0x36 ./USB_DEVICE/Target/usbd_conf.o
                0x0800edb4                HAL_PCD_DataOutStageCallback
 .text.HAL_PCD_DataInStageCallback
                0x0800edea       0x34 ./USB_DEVICE/Target/usbd_conf.o
                0x0800edea                HAL_PCD_DataInStageCallback
 .text.HAL_PCD_SOFCallback
                0x0800ee1e       0x1c ./USB_DEVICE/Target/usbd_conf.o
                0x0800ee1e                HAL_PCD_SOFCallback
 .text.HAL_PCD_ResetCallback
                0x0800ee3a       0x50 ./USB_DEVICE/Target/usbd_conf.o
                0x0800ee3a                HAL_PCD_ResetCallback
 *fill*         0x0800ee8a        0x2 
 .text.HAL_PCD_SuspendCallback
                0x0800ee8c       0x4c ./USB_DEVICE/Target/usbd_conf.o
                0x0800ee8c                HAL_PCD_SuspendCallback
 .text.HAL_PCD_ResumeCallback
                0x0800eed8       0x1c ./USB_DEVICE/Target/usbd_conf.o
                0x0800eed8                HAL_PCD_ResumeCallback
 .text.HAL_PCD_ISOOUTIncompleteCallback
                0x0800eef4       0x24 ./USB_DEVICE/Target/usbd_conf.o
                0x0800eef4                HAL_PCD_ISOOUTIncompleteCallback
 .text.HAL_PCD_ISOINIncompleteCallback
                0x0800ef18       0x24 ./USB_DEVICE/Target/usbd_conf.o
                0x0800ef18                HAL_PCD_ISOINIncompleteCallback
 .text.HAL_PCD_ConnectCallback
                0x0800ef3c       0x1c ./USB_DEVICE/Target/usbd_conf.o
                0x0800ef3c                HAL_PCD_ConnectCallback
 .text.HAL_PCD_DisconnectCallback
                0x0800ef58       0x1c ./USB_DEVICE/Target/usbd_conf.o
                0x0800ef58                HAL_PCD_DisconnectCallback
 .text.USBD_LL_Init
                0x0800ef74       0xa0 ./USB_DEVICE/Target/usbd_conf.o
                0x0800ef74                USBD_LL_Init
 .text.USBD_LL_Start
                0x0800f014       0x36 ./USB_DEVICE/Target/usbd_conf.o
                0x0800f014                USBD_LL_Start
 .text.USBD_LL_OpenEP
                0x0800f04a       0x4c ./USB_DEVICE/Target/usbd_conf.o
                0x0800f04a                USBD_LL_OpenEP
 .text.USBD_LL_CloseEP
                0x0800f096       0x3e ./USB_DEVICE/Target/usbd_conf.o
                0x0800f096                USBD_LL_CloseEP
 .text.USBD_LL_StallEP
                0x0800f0d4       0x3e ./USB_DEVICE/Target/usbd_conf.o
                0x0800f0d4                USBD_LL_StallEP
 .text.USBD_LL_ClearStallEP
                0x0800f112       0x3e ./USB_DEVICE/Target/usbd_conf.o
                0x0800f112                USBD_LL_ClearStallEP
 .text.USBD_LL_IsStallEP
                0x0800f150       0x58 ./USB_DEVICE/Target/usbd_conf.o
                0x0800f150                USBD_LL_IsStallEP
 .text.USBD_LL_SetUSBAddress
                0x0800f1a8       0x3e ./USB_DEVICE/Target/usbd_conf.o
                0x0800f1a8                USBD_LL_SetUSBAddress
 .text.USBD_LL_Transmit
                0x0800f1e6       0x42 ./USB_DEVICE/Target/usbd_conf.o
                0x0800f1e6                USBD_LL_Transmit
 .text.USBD_LL_PrepareReceive
                0x0800f228       0x42 ./USB_DEVICE/Target/usbd_conf.o
                0x0800f228                USBD_LL_PrepareReceive
 .text.USBD_LL_GetRxDataSize
                0x0800f26a       0x26 ./USB_DEVICE/Target/usbd_conf.o
                0x0800f26a                USBD_LL_GetRxDataSize
 .text.HAL_PCDEx_LPM_Callback
                0x0800f290       0x9c ./USB_DEVICE/Target/usbd_conf.o
                0x0800f290                HAL_PCDEx_LPM_Callback
 .text.SystemClockConfig_Resume
                0x0800f32c        0xc ./USB_DEVICE/Target/usbd_conf.o
 .text.USBD_Get_USB_Status
                0x0800f338       0x58 ./USB_DEVICE/Target/usbd_conf.o
                0x0800f338                USBD_Get_USB_Status
 .text.malloc   0x0800f390       0x10 C:/ST/STM32CubeIDE_2.0.0/STM32CubeIDE/plugins/com.st.stm32cube.ide.mcu.externaltools.gnu-tools-for-stm32.13.3.rel1.win32_1.0.100.202509120712/tools/bin/../lib/gcc/arm-none-eabi/13.3.1/../../../../arm-none-eabi/lib/thumb/v7e-m+fp/hard\libc_nano.a(libc_a-malloc.o)
                0x0800f390                malloc
 .text.free     0x0800f3a0       0x10 C:/ST/STM32CubeIDE_2.0.0/STM32CubeIDE/plugins/com.st.stm32cube.ide.mcu.externaltools.gnu-tools-for-stm32.13.3.rel1.win32_1.0.100.202509120712/tools/bin/../lib/gcc/arm-none-eabi/13.3.1/../../../../arm-none-eabi/lib/thumb/v7e-m+fp/hard\libc_nano.a(libc_a-malloc.o)
                0x0800f3a0                free
 .text.sbrk_aligned
                0x0800f3b0       0x44 C:/ST/STM32CubeIDE_2.0.0/STM32CubeIDE/plugins/com.st.stm32cube.ide.mcu.externaltools.gnu-tools-for-stm32.13.3.rel1.win32_1.0.100.202509120712/tools/bin/../lib/gcc/arm-none-eabi/13.3.1/../../../../arm-none-eabi/lib/thumb/v7e-m+fp/hard\libc_nano.a(libc_a-mallocr.o)
 .text._malloc_r
                0x0800f3f4      0x100 C:/ST/STM32CubeIDE_2.0.0/STM32CubeIDE/plugins/com.st.stm32cube.ide.mcu.externaltools.gnu-tools-for-stm32.13.3.rel1.win32_1.0.100.202509120712/tools/bin/../lib/gcc/arm-none-eabi/13.3.1/../../../../arm-none-eabi/lib/thumb/v7e-m+fp/hard\libc_nano.a(libc_a-mallocr.o)
                0x0800f3f4                _malloc_r
 .text.__malloc_lock
                0x0800f4f4        0xc C:/ST/STM32CubeIDE_2.0.0/STM32CubeIDE/plugins/com.st.stm32cube.ide.mcu.externaltools.gnu-tools-for-stm32.13.3.rel1.win32_1.0.100.202509120712/tools/bin/../lib/gcc/arm-none-eabi/13.3.1/../../../../arm-none-eabi/lib/thumb/v7e-m+fp/hard\libc_nano.a(libc_a-mlock.o)
                0x0800f4f4                __malloc_lock
 .text.__malloc_unlock
                0x0800f500        0xc C:/ST/STM32CubeIDE_2.0.0/STM32CubeIDE/plugins/com.st.stm32cube.ide.mcu.externaltools.gnu-tools-for-stm32.13.3.rel1.win32_1.0.100.202509120712/tools/bin/../lib/gcc/arm-none-eabi/13.3.1/../../../../arm-none-eabi/lib/thumb/v7e-m+fp/hard\libc_nano.a(libc_a-mlock.o)
                0x0800f500                __malloc_unlock
 .text.__cvt    0x0800f50c       0xca C:/ST/STM32CubeIDE_2.0.0/STM32CubeIDE/plugins/com.st.stm32cube.ide.mcu.externaltools.gnu-tools-for-stm32.13.3.rel1.win32_1.0.100.202509120712/tools/bin/../lib/gcc/arm-none-eabi/13.3.1/../../../../arm-none-eabi/lib/thumb/v7e-m+fp/hard\libc_nano.a(libc_a-nano-vfprintf_float.o)
                0x0800f50c                __cvt
 .text.__exponent
                0x0800f5d6       0x74 C:/ST/STM32CubeIDE_2.0.0/STM32CubeIDE/plugins/com.st.stm32cube.ide.mcu.externaltools.gnu-tools-for-stm32.13.3.rel1.win32_1.0.100.202509120712/tools/bin/../lib/gcc/arm-none-eabi/13.3.1/../../../../arm-none-eabi/lib/thumb/v7e-m+fp/hard\libc_nano.a(libc_a-nano-vfprintf_float.o)
                0x0800f5d6                __exponent
 *fill*         0x0800f64a        0x2 
 .text._printf_float
                0x0800f64c      0x454 C:/ST/STM32CubeIDE_2.0.0/STM32CubeIDE/plugins/com.st.stm32cube.ide.mcu.externaltools.gnu-tools-for-stm32.13.3.rel1.win32_1.0.100.202509120712/tools/bin/../lib/gcc/arm-none-eabi/13.3.1/../../../../arm-none-eabi/lib/thumb/v7e-m+fp/hard\libc_nano.a(libc_a-nano-vfprintf_float.o)
                0x0800f64c                _printf_float
 .text._printf_common
                0x0800faa0       0xda C:/ST/STM32CubeIDE_2.0.0/STM32CubeIDE/plugins/com.st.stm32cube.ide.mcu.externaltools.gnu-tools-for-stm32.13.3.rel1.win32_1.0.100.202509120712/tools/bin/../lib/gcc/arm-none-eabi/13.3.1/../../../../arm-none-eabi/lib/thumb/v7e-m+fp/hard\libc_nano.a(libc_a-nano-vfprintf_i.o)
                0x0800faa0                _printf_common
 *fill*         0x0800fb7a        0x2 
 .text._printf_i
                0x0800fb7c      0x23c C:/ST/STM32CubeIDE_2.0.0/STM32CubeIDE/plugins/com.st.stm32cube.ide.mcu.externaltools.gnu-tools-for-stm32.13.3.rel1.win32_1.0.100.202509120712/tools/bin/../lib/gcc/arm-none-eabi/13.3.1/../../../../arm-none-eabi/lib/thumb/v7e-m+fp/hard\libc_nano.a(libc_a-nano-vfprintf_i.o)
                0x0800fb7c                _printf_i
 .text.std      0x0800fdb8       0x6c C:/ST/STM32CubeIDE_2.0.0/STM32CubeIDE/plugins/com.st.stm32cube.ide.mcu.externaltools.gnu-tools-for-stm32.13.3.rel1.win32_1.0.100.202509120712/tools/bin/../lib/gcc/arm-none-eabi/13.3.1/../../../../arm-none-eabi/lib/thumb/v7e-m+fp/hard\libc_nano.a(libc_a-findfp.o)
 .text.stdio_exit_handler
                0x0800fe24       0x18 C:/ST/STM32CubeIDE_2.0.0/STM32CubeIDE/plugins/com.st.stm32cube.ide.mcu.externaltools.gnu-tools-for-stm32.13.3.rel1.win32_1.0.100.202509120712/tools/bin/../lib/gcc/arm-none-eabi/13.3.1/../../../../arm-none-eabi/lib/thumb/v7e-m+fp/hard\libc_nano.a(libc_a-findfp.o)
 .text.cleanup_stdio
                0x0800fe3c       0x40 C:/ST/STM32CubeIDE_2.0.0/STM32CubeIDE/plugins/com.st.stm32cube.ide.mcu.externaltools.gnu-tools-for-stm32.13.3.rel1.win32_1.0.100.202509120712/tools/bin/../lib/gcc/arm-none-eabi/13.3.1/../../../../arm-none-eabi/lib/thumb/v7e-m+fp/hard\libc_nano.a(libc_a-findfp.o)
 .text.global_stdio_init.part.0
                0x0800fe7c       0x3c C:/ST/STM32CubeIDE_2.0.0/STM32CubeIDE/plugins/com.st.stm32cube.ide.mcu.externaltools.gnu-tools-for-stm32.13.3.rel1.win32_1.0.100.202509120712/tools/bin/../lib/gcc/arm-none-eabi/13.3.1/../../../../arm-none-eabi/lib/thumb/v7e-m+fp/hard\libc_nano.a(libc_a-findfp.o)
 .text.__sfp_lock_acquire
                0x0800feb8        0xc C:/ST/STM32CubeIDE_2.0.0/STM32CubeIDE/plugins/com.st.stm32cube.ide.mcu.externaltools.gnu-tools-for-stm32.13.3.rel1.win32_1.0.100.202509120712/tools/bin/../lib/gcc/arm-none-eabi/13.3.1/../../../../arm-none-eabi/lib/thumb/v7e-m+fp/hard\libc_nano.a(libc_a-findfp.o)
                0x0800feb8                __sfp_lock_acquire
 .text.__sfp_lock_release
                0x0800fec4        0xc C:/ST/STM32CubeIDE_2.0.0/STM32CubeIDE/plugins/com.st.stm32cube.ide.mcu.externaltools.gnu-tools-for-stm32.13.3.rel1.win32_1.0.100.202509120712/tools/bin/../lib/gcc/arm-none-eabi/13.3.1/../../../../arm-none-eabi/lib/thumb/v7e-m+fp/hard\libc_nano.a(libc_a-findfp.o)
                0x0800fec4                __sfp_lock_release
 .text.__sinit  0x0800fed0       0x30 C:/ST/STM32CubeIDE_2.0.0/STM32CubeIDE/plugins/com.st.stm32cube.ide.mcu.externaltools.gnu-tools-for-stm32.13.3.rel1.win32_1.0.100.202509120712/tools/bin/../lib/gcc/arm-none-eabi/13.3.1/../../../../arm-none-eabi/lib/thumb/v7e-m+fp/hard\libc_nano.a(libc_a-findfp.o)
                0x0800fed0                __sinit
 .text._fwalk_sglue
                0x0800ff00       0x3c C:/ST/STM32CubeIDE_2.0.0/STM32CubeIDE/plugins/com.st.stm32cube.ide.mcu.externaltools.gnu-tools-for-stm32.13.3.rel1.win32_1.0.100.202509120712/tools/bin/../lib/gcc/arm-none-eabi/13.3.1/../../../../arm-none-eabi/lib/thumb/v7e-m+fp/hard\libc_nano.a(libc_a-fwalk.o)
                0x0800ff00                _fwalk_sglue
 .text.printf   0x0800ff3c       0x24 C:/ST/STM32CubeIDE_2.0.0/STM32CubeIDE/plugins/com.st.stm32cube.ide.mcu.externaltools.gnu-tools-for-stm32.13.3.rel1.win32_1.0.100.202509120712/tools/bin/../lib/gcc/arm-none-eabi/13.3.1/../../../../arm-none-eabi/lib/thumb/v7e-m+fp/hard\libc_nano.a(libc_a-printf.o)
                0x0800ff3c                iprintf
                0x0800ff3c                printf
 .text._puts_r  0x0800ff60       0xaa C:/ST/STM32CubeIDE_2.0.0/STM32CubeIDE/plugins/com.st.stm32cube.ide.mcu.externaltools.gnu-tools-for-stm32.13.3.rel1.win32_1.0.100.202509120712/tools/bin/../lib/gcc/arm-none-eabi/13.3.1/../../../../arm-none-eabi/lib/thumb/v7e-m+fp/hard\libc_nano.a(libc_a-puts.o)
                0x0800ff60                _puts_r
 *fill*         0x0801000a        0x2 
 .text.puts     0x0801000c       0x10 C:/ST/STM32CubeIDE_2.0.0/STM32CubeIDE/plugins/com.st.stm32cube.ide.mcu.externaltools.gnu-tools-for-stm32.13.3.rel1.win32_1.0.100.202509120712/tools/bin/../lib/gcc/arm-none-eabi/13.3.1/../../../../arm-none-eabi/lib/thumb/v7e-m+fp/hard\libc_nano.a(libc_a-puts.o)
                0x0801000c                puts
 .text.__sread  0x0801001c       0x22 C:/ST/STM32CubeIDE_2.0.0/STM32CubeIDE/plugins/com.st.stm32cube.ide.mcu.externaltools.gnu-tools-for-stm32.13.3.rel1.win32_1.0.100.202509120712/tools/bin/../lib/gcc/arm-none-eabi/13.3.1/../../../../arm-none-eabi/lib/thumb/v7e-m+fp/hard\libc_nano.a(libc_a-stdio.o)
                0x0801001c                __sread
 .text.__swrite
                0x0801003e       0x38 C:/ST/STM32CubeIDE_2.0.0/STM32CubeIDE/plugins/com.st.stm32cube.ide.mcu.externaltools.gnu-tools-for-stm32.13.3.rel1.win32_1.0.100.202509120712/tools/bin/../lib/gcc/arm-none-eabi/13.3.1/../../../../arm-none-eabi/lib/thumb/v7e-m+fp/hard\libc_nano.a(libc_a-stdio.o)
                0x0801003e                __swrite
 .text.__sseek  0x08010076       0x24 C:/ST/STM32CubeIDE_2.0.0/STM32CubeIDE/plugins/com.st.stm32cube.ide.mcu.externaltools.gnu-tools-for-stm32.13.3.rel1.win32_1.0.100.202509120712/tools/bin/../lib/gcc/arm-none-eabi/13.3.1/../../../../arm-none-eabi/lib/thumb/v7e-m+fp/hard\libc_nano.a(libc_a-stdio.o)
                0x08010076                __sseek
 .text.__sclose
                0x0801009a        0x8 C:/ST/STM32CubeIDE_2.0.0/STM32CubeIDE/plugins/com.st.stm32cube.ide.mcu.externaltools.gnu-tools-for-stm32.13.3.rel1.win32_1.0.100.202509120712/tools/bin/../lib/gcc/arm-none-eabi/13.3.1/../../../../arm-none-eabi/lib/thumb/v7e-m+fp/hard\libc_nano.a(libc_a-stdio.o)
                0x0801009a                __sclose
 .text.__swbuf_r
                0x080100a2       0x7c C:/ST/STM32CubeIDE_2.0.0/STM32CubeIDE/plugins/com.st.stm32cube.ide.mcu.externaltools.gnu-tools-for-stm32.13.3.rel1.win32_1.0.100.202509120712/tools/bin/../lib/gcc/arm-none-eabi/13.3.1/../../../../arm-none-eabi/lib/thumb/v7e-m+fp/hard\libc_nano.a(libc_a-wbuf.o)
                0x080100a2                __swbuf_r
 *fill*         0x0801011e        0x2 
 .text.__swsetup_r
                0x08010120       0xac C:/ST/STM32CubeIDE_2.0.0/STM32CubeIDE/plugins/com.st.stm32cube.ide.mcu.externaltools.gnu-tools-for-stm32.13.3.rel1.win32_1.0.100.202509120712/tools/bin/../lib/gcc/arm-none-eabi/13.3.1/../../../../arm-none-eabi/lib/thumb/v7e-m+fp/hard\libc_nano.a(libc_a-wsetup.o)
                0x08010120                __swsetup_r
 .text.memset   0x080101cc       0x10 C:/ST/STM32CubeIDE_2.0.0/STM32CubeIDE/plugins/com.st.stm32cube.ide.mcu.externaltools.gnu-tools-for-stm32.13.3.rel1.win32_1.0.100.202509120712/tools/bin/../lib/gcc/arm-none-eabi/13.3.1/../../../../arm-none-eabi/lib/thumb/v7e-m+fp/hard\libc_nano.a(libc_a-memset.o)
                0x080101cc                memset
 .text._localeconv_r
                0x080101dc        0x8 C:/ST/STM32CubeIDE_2.0.0/STM32CubeIDE/plugins/com.st.stm32cube.ide.mcu.externaltools.gnu-tools-for-stm32.13.3.rel1.win32_1.0.100.202509120712/tools/bin/../lib/gcc/arm-none-eabi/13.3.1/../../../../arm-none-eabi/lib/thumb/v7e-m+fp/hard\libc_nano.a(libc_a-localeconv.o)
                0x080101dc                _localeconv_r
 .text._close_r
                0x080101e4       0x20 C:/ST/STM32CubeIDE_2.0.0/STM32CubeIDE/plugins/com.st.stm32cube.ide.mcu.externaltools.gnu-tools-for-stm32.13.3.rel1.win32_1.0.100.202509120712/tools/bin/../lib/gcc/arm-none-eabi/13.3.1/../../../../arm-none-eabi/lib/thumb/v7e-m+fp/hard\libc_nano.a(libc_a-closer.o)
                0x080101e4                _close_r
 .text._lseek_r
                0x08010204       0x24 C:/ST/STM32CubeIDE_2.0.0/STM32CubeIDE/plugins/com.st.stm32cube.ide.mcu.externaltools.gnu-tools-for-stm32.13.3.rel1.win32_1.0.100.202509120712/tools/bin/../lib/gcc/arm-none-eabi/13.3.1/../../../../arm-none-eabi/lib/thumb/v7e-m+fp/hard\libc_nano.a(libc_a-lseekr.o)
                0x08010204                _lseek_r
 .text._read_r  0x08010228       0x24 C:/ST/STM32CubeIDE_2.0.0/STM32CubeIDE/plugins/com.st.stm32cube.ide.mcu.externaltools.gnu-tools-for-stm32.13.3.rel1.win32_1.0.100.202509120712/tools/bin/../lib/gcc/arm-none-eabi/13.3.1/../../../../arm-none-eabi/lib/thumb/v7e-m+fp/hard\libc_nano.a(libc_a-readr.o)
                0x08010228                _read_r
 .text._sbrk_r  0x0801024c       0x20 C:/ST/STM32CubeIDE_2.0.0/STM32CubeIDE/plugins/com.st.stm32cube.ide.mcu.externaltools.gnu-tools-for-stm32.13.3.rel1.win32_1.0.100.202509120712/tools/bin/../lib/gcc/arm-none-eabi/13.3.1/../../../../arm-none-eabi/lib/thumb/v7e-m+fp/hard\libc_nano.a(libc_a-sbrkr.o)
                0x0801024c                _sbrk_r
 .text._write_r
                0x0801026c       0x24 C:/ST/STM32CubeIDE_2.0.0/STM32CubeIDE/plugins/com.st.stm32cube.ide.mcu.externaltools.gnu-tools-for-stm32.13.3.rel1.win32_1.0.100.202509120712/tools/bin/../lib/gcc/arm-none-eabi/13.3.1/../../../../arm-none-eabi/lib/thumb/v7e-m+fp/hard\libc_nano.a(libc_a-writer.o)
                0x0801026c                _write_r
 .text.__errno  0x08010290        0xc C:/ST/STM32CubeIDE_2.0.0/STM32CubeIDE/plugins/com.st.stm32cube.ide.mcu.externaltools.gnu-tools-for-stm32.13.3.rel1.win32_1.0.100.202509120712/tools/bin/../lib/gcc/arm-none-eabi/13.3.1/../../../../arm-none-eabi/lib/thumb/v7e-m+fp/hard\libc_nano.a(libc_a-errno.o)
                0x08010290                __errno
 .text.__libc_init_array
                0x0801029c       0x48 C:/ST/STM32CubeIDE_2.0.0/STM32CubeIDE/plugins/com.st.stm32cube.ide.mcu.externaltools.gnu-tools-for-stm32.13.3.rel1.win32_1.0.100.202509120712/tools/bin/../lib/gcc/arm-none-eabi/13.3.1/../../../../arm-none-eabi/lib/thumb/v7e-m+fp/hard\libc_nano.a(libc_a-init.o)
                0x0801029c                __libc_init_array
 .text.__retarget_lock_init_recursive
                0x080102e4        0x2 C:/ST/STM32CubeIDE_2.0.0/STM32CubeIDE/plugins/com.st.stm32cube.ide.mcu.externaltools.gnu-tools-for-stm32.13.3.rel1.win32_1.0.100.202509120712/tools/bin/../lib/gcc/arm-none-eabi/13.3.1/../../../../arm-none-eabi/lib/thumb/v7e-m+fp/hard\libc_nano.a(libc_a-lock.o)
                0x080102e4                __retarget_lock_init_recursive
 .text.__retarget_lock_acquire_recursive
                0x080102e6        0x2 C:/ST/STM32CubeIDE_2.0.0/STM32CubeIDE/plugins/com.st.stm32cube.ide.mcu.externaltools.gnu-tools-for-stm32.13.3.rel1.win32_1.0.100.202509120712/tools/bin/../lib/gcc/arm-none-eabi/13.3.1/../../../../arm-none-eabi/lib/thumb/v7e-m+fp/hard\libc_nano.a(libc_a-lock.o)
                0x080102e6                __retarget_lock_acquire_recursive
 .text.__retarget_lock_release_recursive
                0x080102e8        0x2 C:/ST/STM32CubeIDE_2.0.0/STM32CubeIDE/plugins/com.st.stm32cube.ide.mcu.externaltools.gnu-tools-for-stm32.13.3.rel1.win32_1.0.100.202509120712/tools/bin/../lib/gcc/arm-none-eabi/13.3.1/../../../../arm-none-eabi/lib/thumb/v7e-m+fp/hard\libc_nano.a(libc_a-lock.o)
                0x080102e8                __retarget_lock_release_recursive
 .text.memcpy   0x080102ea       0x1c C:/ST/STM32CubeIDE_2.0.0/STM32CubeIDE/plugins/com.st.stm32cube.ide.mcu.externaltools.gnu-tools-for-stm32.13.3.rel1.win32_1.0.100.202509120712/tools/bin/../lib/gcc/arm-none-eabi/13.3.1/../../../../arm-none-eabi/lib/thumb/v7e-m+fp/hard\libc_nano.a(libc_a-memcpy-stub.o)
                0x080102ea                memcpy
 .text.quorem   0x08010306      0x110 C:/ST/STM32CubeIDE_2.0.0/STM32CubeIDE/plugins/com.st.stm32cube.ide.mcu.externaltools.gnu-tools-for-stm32.13.3.rel1.win32_1.0.100.202509120712/tools/bin/../lib/gcc/arm-none-eabi/13.3.1/../../../../arm-none-eabi/lib/thumb/v7e-m+fp/hard\libc_nano.a(libc_a-dtoa.o)
 *fill*         0x08010416        0x2 
 .text._dtoa_r  0x08010418      0xba0 C:/ST/STM32CubeIDE_2.0.0/STM32CubeIDE/plugins/com.st.stm32cube.ide.mcu.externaltools.gnu-tools-for-stm32.13.3.rel1.win32_1.0.100.202509120712/tools/bin/../lib/gcc/arm-none-eabi/13.3.1/../../../../arm-none-eabi/lib/thumb/v7e-m+fp/hard\libc_nano.a(libc_a-dtoa.o)
                0x08010418                _dtoa_r
 .text._free_r  0x08010fb8       0x94 C:/ST/STM32CubeIDE_2.0.0/STM32CubeIDE/plugins/com.st.stm32cube.ide.mcu.externaltools.gnu-tools-for-stm32.13.3.rel1.win32_1.0.100.202509120712/tools/bin/../lib/gcc/arm-none-eabi/13.3.1/../../../../arm-none-eabi/lib/thumb/v7e-m+fp/hard\libc_nano.a(libc_a-freer.o)
                0x08010fb8                _free_r
 .text._Balloc  0x0801104c       0x80 C:/ST/STM32CubeIDE_2.0.0/STM32CubeIDE/plugins/com.st.stm32cube.ide.mcu.externaltools.gnu-tools-for-stm32.13.3.rel1.win32_1.0.100.202509120712/tools/bin/../lib/gcc/arm-none-eabi/13.3.1/../../../../arm-none-eabi/lib/thumb/v7e-m+fp/hard\libc_nano.a(libc_a-mprec.o)
                0x0801104c                _Balloc
 .text._Bfree   0x080110cc       0x44 C:/ST/STM32CubeIDE_2.0.0/STM32CubeIDE/plugins/com.st.stm32cube.ide.mcu.externaltools.gnu-tools-for-stm32.13.3.rel1.win32_1.0.100.202509120712/tools/bin/../lib/gcc/arm-none-eabi/13.3.1/../../../../arm-none-eabi/lib/thumb/v7e-m+fp/hard\libc_nano.a(libc_a-mprec.o)
                0x080110cc                _Bfree
 .text.__multadd
                0x08011110       0x8c C:/ST/STM32CubeIDE_2.0.0/STM32CubeIDE/plugins/com.st.stm32cube.ide.mcu.externaltools.gnu-tools-for-stm32.13.3.rel1.win32_1.0.100.202509120712/tools/bin/../lib/gcc/arm-none-eabi/13.3.1/../../../../arm-none-eabi/lib/thumb/v7e-m+fp/hard\libc_nano.a(libc_a-mprec.o)
                0x08011110                __multadd
 .text.__hi0bits
                0x0801119c       0x3e C:/ST/STM32CubeIDE_2.0.0/STM32CubeIDE/plugins/com.st.stm32cube.ide.mcu.externaltools.gnu-tools-for-stm32.13.3.rel1.win32_1.0.100.202509120712/tools/bin/../lib/gcc/arm-none-eabi/13.3.1/../../../../arm-none-eabi/lib/thumb/v7e-m+fp/hard\libc_nano.a(libc_a-mprec.o)
                0x0801119c                __hi0bits
 .text.__lo0bits
                0x080111da       0x5a C:/ST/STM32CubeIDE_2.0.0/STM32CubeIDE/plugins/com.st.stm32cube.ide.mcu.externaltools.gnu-tools-for-stm32.13.3.rel1.win32_1.0.100.202509120712/tools/bin/../lib/gcc/arm-none-eabi/13.3.1/../../../../arm-none-eabi/lib/thumb/v7e-m+fp/hard\libc_nano.a(libc_a-mprec.o)
                0x080111da                __lo0bits
 .text.__i2b    0x08011234       0x2c C:/ST/STM32CubeIDE_2.0.0/STM32CubeIDE/plugins/com.st.stm32cube.ide.mcu.externaltools.gnu-tools-for-stm32.13.3.rel1.win32_1.0.100.202509120712/tools/bin/../lib/gcc/arm-none-eabi/13.3.1/../../../../arm-none-eabi/lib/thumb/v7e-m+fp/hard\libc_nano.a(libc_a-mprec.o)
                0x08011234                __i2b
 .text.__multiply
                0x08011260      0x144 C:/ST/STM32CubeIDE_2.0.0/STM32CubeIDE/plugins/com.st.stm32cube.ide.mcu.externaltools.gnu-tools-for-stm32.13.3.rel1.win32_1.0.100.202509120712/tools/bin/../lib/gcc/arm-none-eabi/13.3.1/../../../../arm-none-eabi/lib/thumb/v7e-m+fp/hard\libc_nano.a(libc_a-mprec.o)
                0x08011260                __multiply
 .text.__pow5mult
                0x080113a4       0xb4 C:/ST/STM32CubeIDE_2.0.0/STM32CubeIDE/plugins/com.st.stm32cube.ide.mcu.externaltools.gnu-tools-for-stm32.13.3.rel1.win32_1.0.100.202509120712/tools/bin/../lib/gcc/arm-none-eabi/13.3.1/../../../../arm-none-eabi/lib/thumb/v7e-m+fp/hard\libc_nano.a(libc_a-mprec.o)
                0x080113a4                __pow5mult
 .text.__lshift
                0x08011458       0xd8 C:/ST/STM32CubeIDE_2.0.0/STM32CubeIDE/plugins/com.st.stm32cube.ide.mcu.externaltools.gnu-tools-for-stm32.13.3.rel1.win32_1.0.100.202509120712/tools/bin/../lib/gcc/arm-none-eabi/13.3.1/../../../../arm-none-eabi/lib/thumb/v7e-m+fp/hard\libc_nano.a(libc_a-mprec.o)
                0x08011458                __lshift
 .text.__mcmp   0x08011530       0x36 C:/ST/STM32CubeIDE_2.0.0/STM32CubeIDE/plugins/com.st.stm32cube.ide.mcu.externaltools.gnu-tools-for-stm32.13.3.rel1.win32_1.0.100.202509120712/tools/bin/../lib/gcc/arm-none-eabi/13.3.1/../../../../arm-none-eabi/lib/thumb/v7e-m+fp/hard\libc_nano.a(libc_a-mprec.o)
                0x08011530                __mcmp
 *fill*         0x08011566        0x2 
 .text.__mdiff  0x08011568      0x128 C:/ST/STM32CubeIDE_2.0.0/STM32CubeIDE/plugins/com.st.stm32cube.ide.mcu.externaltools.gnu-tools-for-stm32.13.3.rel1.win32_1.0.100.202509120712/tools/bin/../lib/gcc/arm-none-eabi/13.3.1/../../../../arm-none-eabi/lib/thumb/v7e-m+fp/hard\libc_nano.a(libc_a-mprec.o)
                0x08011568                __mdiff
 .text.__d2b    0x08011690       0xb0 C:/ST/STM32CubeIDE_2.0.0/STM32CubeIDE/plugins/com.st.stm32cube.ide.mcu.externaltools.gnu-tools-for-stm32.13.3.rel1.win32_1.0.100.202509120712/tools/bin/../lib/gcc/arm-none-eabi/13.3.1/../../../../arm-none-eabi/lib/thumb/v7e-m+fp/hard\libc_nano.a(libc_a-mprec.o)
                0x08011690                __d2b
 .text.__sfputc_r
                0x08011740       0x2e C:/ST/STM32CubeIDE_2.0.0/STM32CubeIDE/plugins/com.st.stm32cube.ide.mcu.externaltools.gnu-tools-for-stm32.13.3.rel1.win32_1.0.100.202509120712/tools/bin/../lib/gcc/arm-none-eabi/13.3.1/../../../../arm-none-eabi/lib/thumb/v7e-m+fp/hard\libc_nano.a(libc_a-nano-vfprintf.o)
 .text.__sfputs_r
                0x0801176e       0x24 C:/ST/STM32CubeIDE_2.0.0/STM32CubeIDE/plugins/com.st.stm32cube.ide.mcu.externaltools.gnu-tools-for-stm32.13.3.rel1.win32_1.0.100.202509120712/tools/bin/../lib/gcc/arm-none-eabi/13.3.1/../../../../arm-none-eabi/lib/thumb/v7e-m+fp/hard\libc_nano.a(libc_a-nano-vfprintf.o)
                0x0801176e                __sfputs_r
 *fill*         0x08011792        0x2 
 .text._vfprintf_r
                0x08011794      0x230 C:/ST/STM32CubeIDE_2.0.0/STM32CubeIDE/plugins/com.st.stm32cube.ide.mcu.externaltools.gnu-tools-for-stm32.13.3.rel1.win32_1.0.100.202509120712/tools/bin/../lib/gcc/arm-none-eabi/13.3.1/../../../../arm-none-eabi/lib/thumb/v7e-m+fp/hard\libc_nano.a(libc_a-nano-vfprintf.o)
                0x08011794                _vfprintf_r
                0x08011794                _vfiprintf_r
 .text.__sflush_r
                0x080119c4      0x108 C:/ST/STM32CubeIDE_2.0.0/STM32CubeIDE/plugins/com.st.stm32cube.ide.mcu.externaltools.gnu-tools-for-stm32.13.3.rel1.win32_1.0.100.202509120712/tools/bin/../lib/gcc/arm-none-eabi/13.3.1/../../../../arm-none-eabi/lib/thumb/v7e-m+fp/hard\libc_nano.a(libc_a-fflush.o)
                0x080119c4                __sflush_r
 .text._fflush_r
                0x08011acc       0x50 C:/ST/STM32CubeIDE_2.0.0/STM32CubeIDE/plugins/com.st.stm32cube.ide.mcu.externaltools.gnu-tools-for-stm32.13.3.rel1.win32_1.0.100.202509120712/tools/bin/../lib/gcc/arm-none-eabi/13.3.1/../../../../arm-none-eabi/lib/thumb/v7e-m+fp/hard\libc_nano.a(libc_a-fflush.o)
                0x08011acc                _fflush_r
 .text.__swhatbuf_r
                0x08011b1c       0x4c C:/ST/STM32CubeIDE_2.0.0/STM32CubeIDE/plugins/com.st.stm32cube.ide.mcu.externaltools.gnu-tools-for-stm32.13.3.rel1.win32_1.0.100.202509120712/tools/bin/../lib/gcc/arm-none-eabi/13.3.1/../../../../arm-none-eabi/lib/thumb/v7e-m+fp/hard\libc_nano.a(libc_a-makebuf.o)
                0x08011b1c                __swhatbuf_r
 .text.__smakebuf_r
                0x08011b68       0x78 C:/ST/STM32CubeIDE_2.0.0/STM32CubeIDE/plugins/com.st.stm32cube.ide.mcu.externaltools.gnu-tools-for-stm32.13.3.rel1.win32_1.0.100.202509120712/tools/bin/../lib/gcc/arm-none-eabi/13.3.1/../../../../arm-none-eabi/lib/thumb/v7e-m+fp/hard\libc_nano.a(libc_a-makebuf.o)
                0x08011b68                __smakebuf_r
 .text._fstat_r
                0x08011be0       0x24 C:/ST/STM32CubeIDE_2.0.0/STM32CubeIDE/plugins/com.st.stm32cube.ide.mcu.externaltools.gnu-tools-for-stm32.13.3.rel1.win32_1.0.100.202509120712/tools/bin/../lib/gcc/arm-none-eabi/13.3.1/../../../../arm-none-eabi/lib/thumb/v7e-m+fp/hard\libc_nano.a(libc_a-fstatr.o)
                0x08011be0                _fstat_r
 .text._isatty_r
                0x08011c04       0x20 C:/ST/STM32CubeIDE_2.0.0/STM32CubeIDE/plugins/com.st.stm32cube.ide.mcu.externaltools.gnu-tools-for-stm32.13.3.rel1.win32_1.0.100.202509120712/tools/bin/../lib/gcc/arm-none-eabi/13.3.1/../../../../arm-none-eabi/lib/thumb/v7e-m+fp/hard\libc_nano.a(libc_a-isattyr.o)
                0x08011c04                _isatty_r
 .text.__assert_func
                0x08011c24       0x3c C:/ST/STM32CubeIDE_2.0.0/STM32CubeIDE/plugins/com.st.stm32cube.ide.mcu.externaltools.gnu-tools-for-stm32.13.3.rel1.win32_1.0.100.202509120712/tools/bin/../lib/gcc/arm-none-eabi/13.3.1/../../../../arm-none-eabi/lib/thumb/v7e-m+fp/hard\libc_nano.a(libc_a-assert.o)
                0x08011c24                __assert_func
 .text._calloc_r
                0x08011c60       0x28 C:/ST/STM32CubeIDE_2.0.0/STM32CubeIDE/plugins/com.st.stm32cube.ide.mcu.externaltools.gnu-tools-for-stm32.13.3.rel1.win32_1.0.100.202509120712/tools/bin/../lib/gcc/arm-none-eabi/13.3.1/../../../../arm-none-eabi/lib/thumb/v7e-m+fp/hard\libc_nano.a(libc_a-callocr.o)
                0x08011c60                _calloc_r
 .text.__ascii_mbtowc
                0x08011c88       0x24 C:/ST/STM32CubeIDE_2.0.0/STM32CubeIDE/plugins/com.st.stm32cube.ide.mcu.externaltools.gnu-tools-for-stm32.13.3.rel1.win32_1.0.100.202509120712/tools/bin/../lib/gcc/arm-none-eabi/13.3.1/../../../../arm-none-eabi/lib/thumb/v7e-m+fp/hard\libc_nano.a(libc_a-mbtowc_r.o)
                0x08011c88                __ascii_mbtowc
 .text.__ascii_wctomb
                0x08011cac       0x1a C:/ST/STM32CubeIDE_2.0.0/STM32CubeIDE/plugins/com.st.stm32cube.ide.mcu.externaltools.gnu-tools-for-stm32.13.3.rel1.win32_1.0.100.202509120712/tools/bin/../lib/gcc/arm-none-eabi/13.3.1/../../../../arm-none-eabi/lib/thumb/v7e-m+fp/hard\libc_nano.a(libc_a-wctomb_r.o)
                0x08011cac                __ascii_wctomb
 *fill*         0x08011cc6        0x2 
 .text.fprintf  0x08011cc8       0x24 C:/ST/STM32CubeIDE_2.0.0/STM32CubeIDE/plugins/com.st.stm32cube.ide.mcu.externaltools.gnu-tools-for-stm32.13.3.rel1.win32_1.0.100.202509120712/tools/bin/../lib/gcc/arm-none-eabi/13.3.1/../../../../arm-none-eabi/lib/thumb/v7e-m+fp/hard\libc_nano.a(libc_a-fprintf.o)
                0x08011cc8                fiprintf
                0x08011cc8                fprintf
 .text.abort    0x08011cec        0xe C:/ST/STM32CubeIDE_2.0.0/STM32CubeIDE/plugins/com.st.stm32cube.ide.mcu.externaltools.gnu-tools-for-stm32.13.3.rel1.win32_1.0.100.202509120712/tools/bin/../lib/gcc/arm-none-eabi/13.3.1/../../../../arm-none-eabi/lib/thumb/v7e-m+fp/hard\libc_nano.a(libc_a-abort.o)
                0x08011cec                abort
 .text._raise_r
                0x08011cfa       0x50 C:/ST/STM32CubeIDE_2.0.0/STM32CubeIDE/plugins/com.st.stm32cube.ide.mcu.externaltools.gnu-tools-for-stm32.13.3.rel1.win32_1.0.100.202509120712/tools/bin/../lib/gcc/arm-none-eabi/13.3.1/../../../../arm-none-eabi/lib/thumb/v7e-m+fp/hard\libc_nano.a(libc_a-signal.o)
                0x08011cfa                _raise_r
 *fill*         0x08011d4a        0x2 
 .text.raise    0x08011d4c       0x10 C:/ST/STM32CubeIDE_2.0.0/STM32CubeIDE/plugins/com.st.stm32cube.ide.mcu.externaltools.gnu-tools-for-stm32.13.3.rel1.win32_1.0.100.202509120712/tools/bin/../lib/gcc/arm-none-eabi/13.3.1/../../../../arm-none-eabi/lib/thumb/v7e-m+fp/hard\libc_nano.a(libc_a-signal.o)
                0x08011d4c                raise
 .text._kill_r  0x08011d5c       0x24 C:/ST/STM32CubeIDE_2.0.0/STM32CubeIDE/plugins/com.st.stm32cube.ide.mcu.externaltools.gnu-tools-for-stm32.13.3.rel1.win32_1.0.100.202509120712/tools/bin/../lib/gcc/arm-none-eabi/13.3.1/../../../../arm-none-eabi/lib/thumb/v7e-m+fp/hard\libc_nano.a(libc_a-signalr.o)
                0x08011d5c                _kill_r
 .text._getpid_r
                0x08011d80        0x4 C:/ST/STM32CubeIDE_2.0.0/STM32CubeIDE/plugins/com.st.stm32cube.ide.mcu.externaltools.gnu-tools-for-stm32.13.3.rel1.win32_1.0.100.202509120712/tools/bin/../lib/gcc/arm-none-eabi/13.3.1/../../../../arm-none-eabi/lib/thumb/v7e-m+fp/hard\libc_nano.a(libc_a-signalr.o)
                0x08011d80                _getpid_r