../Core/Src/main.c:102:5:main	120	static
../Core/Src/main.c:219:6:SystemClock_Config	88	static
../Core/Src/main.c:272:13:MX_ADC2_Init	24	static
../Core/Src/main.c:324:13:MX_CAN1_Init	8	static
../Core/Src/main.c:361:13:MX_I2C1_Init	8	static
../Core/Src/main.c:409:13:MX_SDMMC1_SD_Init	8	static
../Core/Src/main.c:445:13:MX_SPI1_Init	8	static
../Core/Src/main.c:485:13:MX_SPI2_Init	8	static
../Core/Src/main.c:525:13:MX_TIM1_Init	112	static
../Core/Src/main.c:605:13:MX_TIM2_Init	48	static
../Core/Src/main.c:666:13:MX_TIM3_Init	48	static
../Core/Src/main.c:727:13:MX_UART4_Init	8	static
../Core/Src/main.c:762:13:MX_GPIO_Init	48	static
../Core/Src/main.c:822:5:_write	24	static
../Core/Src/main.c:838:6:MPU_Config	24	static
../Core/Src/main.c:869:6:Error_Handler	4	static,ignoring_inline_asm
