../Core/Src/main.c:110:5:main	16	static
../Core/Src/main.c:253:6:SystemClock_Config	88	static
../Core/Src/main.c:306:13:MX_ADC2_Init	24	static
../Core/Src/main.c:358:13:MX_CAN1_Init	8	static
../Core/Src/main.c:395:13:MX_I2C1_Init	8	static
../Core/Src/main.c:443:13:MX_SDMMC1_SD_Init	8	static
../Core/Src/main.c:479:13:MX_SPI1_Init	8	static
../Core/Src/main.c:519:13:MX_SPI2_Init	8	static
../Core/Src/main.c:559:13:MX_TIM1_Init	112	static
../Core/Src/main.c:639:13:MX_TIM2_Init	64	static
../Core/Src/main.c:710:13:MX_TIM3_Init	48	static
../Core/Src/main.c:771:13:MX_UART4_Init	8	static
../Core/Src/main.c:806:13:MX_GPIO_Init	48	static
../Core/Src/main.c:866:5:_write	24	static
../Core/Src/main.c:885:6:StartDefaultTask	16	static
../Core/Src/main.c:900:6:MPU_Config	24	static
../Core/Src/main.c:935:6:HAL_TIM_PeriodElapsedCallback	16	static
../Core/Src/main.c:953:6:Error_Handler	4	static,ignoring_inline_asm
