../Core/Src/main.c:109:5:main	1
../Core/Src/main.c:244:6:SystemClock_Config	4
../Core/Src/main.c:297:13:MX_ADC2_Init	3
../Core/Src/main.c:349:13:MX_CAN1_Init	2
../Core/Src/main.c:386:13:MX_I2C1_Init	4
../Core/Src/main.c:434:13:MX_SDMMC1_SD_Init	3
../Core/Src/main.c:470:13:MX_SPI1_Init	2
../Core/Src/main.c:510:13:MX_SPI2_Init	2
../Core/Src/main.c:550:13:MX_TIM1_Init	7
../Core/Src/main.c:630:13:MX_TIM2_Init	9
../Core/Src/main.c:701:13:MX_TIM3_Init	7
../Core/Src/main.c:762:13:MX_UART4_Init	2
../Core/Src/main.c:797:13:MX_GPIO_Init	1
../Core/Src/main.c:857:5:_write	1
../Core/Src/main.c:876:6:StartDefaultTask	1
../Core/Src/main.c:891:6:MPU_Config	1
../Core/Src/main.c:926:6:HAL_TIM_PeriodElapsedCallback	2
../Core/Src/main.c:944:6:Error_Handler	1
